Component: Arm Compiler for Embedded 6.18 Tool: armlink [5e4cc100]

==============================================================================

Section Cross References

    startup_stm32f405xx.o(STACK) refers (Special) to heapauxi.o(.text) for __use_two_region_memory
    startup_stm32f405xx.o(HEAP) refers (Special) to heapauxi.o(.text) for __use_two_region_memory
    startup_stm32f405xx.o(RESET) refers (Special) to heapauxi.o(.text) for __use_two_region_memory
    startup_stm32f405xx.o(RESET) refers to startup_stm32f405xx.o(STACK) for __initial_sp
    startup_stm32f405xx.o(RESET) refers to startup_stm32f405xx.o(.text) for Reset_Handler
    startup_stm32f405xx.o(RESET) refers to stm32f4xx_it.o(.text.NMI_Handler) for NMI_Handler
    startup_stm32f405xx.o(RESET) refers to stm32f4xx_it.o(.text.HardFault_Handler) for HardFault_Handler
    startup_stm32f405xx.o(RESET) refers to stm32f4xx_it.o(.text.MemManage_Handler) for MemManage_Handler
    startup_stm32f405xx.o(RESET) refers to stm32f4xx_it.o(.text.BusFault_Handler) for BusFault_Handler
    startup_stm32f405xx.o(RESET) refers to stm32f4xx_it.o(.text.UsageFault_Handler) for UsageFault_Handler
    startup_stm32f405xx.o(RESET) refers to port.o(.text.SVC_Handler) for SVC_Handler
    startup_stm32f405xx.o(RESET) refers to stm32f4xx_it.o(.text.DebugMon_Handler) for DebugMon_Handler
    startup_stm32f405xx.o(RESET) refers to port.o(.text.PendSV_Handler) for PendSV_Handler
    startup_stm32f405xx.o(RESET) refers to port.o(.text.SysTick_Handler) for SysTick_Handler
    startup_stm32f405xx.o(RESET) refers to stm32f4xx_it.o(.text.CAN1_RX0_IRQHandler) for CAN1_RX0_IRQHandler
    startup_stm32f405xx.o(RESET) refers to stm32f4xx_it.o(.text.CAN1_RX1_IRQHandler) for CAN1_RX1_IRQHandler
    startup_stm32f405xx.o(RESET) refers to stm32f4xx_it.o(.text.TIM2_IRQHandler) for TIM2_IRQHandler
    startup_stm32f405xx.o(RESET) refers to stm32f4xx_it.o(.text.USART1_IRQHandler) for USART1_IRQHandler
    startup_stm32f405xx.o(RESET) refers to stm32f4xx_it.o(.text.EXTI15_10_IRQHandler) for EXTI15_10_IRQHandler
    startup_stm32f405xx.o(RESET) refers to stm32f4xx_it.o(.text.TIM7_IRQHandler) for TIM7_IRQHandler
    startup_stm32f405xx.o(RESET) refers to stm32f4xx_it.o(.text.DMA2_Stream2_IRQHandler) for DMA2_Stream2_IRQHandler
    startup_stm32f405xx.o(RESET) refers to stm32f4xx_it.o(.text.DMA2_Stream7_IRQHandler) for DMA2_Stream7_IRQHandler
    startup_stm32f405xx.o(.text) refers (Special) to heapauxi.o(.text) for __use_two_region_memory
    startup_stm32f405xx.o(.text) refers to system_stm32f4xx.o(.text.SystemInit) for SystemInit
    startup_stm32f405xx.o(.text) refers to __main.o(!!!main) for __main
    startup_stm32f405xx.o(.text) refers to startup_stm32f405xx.o(HEAP) for Heap_Mem
    startup_stm32f405xx.o(.text) refers to startup_stm32f405xx.o(STACK) for Stack_Mem
    vofa.o(.text.VOFA_Init) refers to usart.o(.bss.huart1) for huart1
    vofa.o(.text.VOFA_Init) refers to vofa.o(.bss.rx_data) for rx_data
    vofa.o(.text.VOFA_Init) refers to stm32f4xx_hal_uart.o(.text.HAL_UART_Receive_IT) for HAL_UART_Receive_IT
    vofa.o(.ARM.exidx.text.VOFA_Init) refers to vofa.o(.text.VOFA_Init) for [Anonymous Symbol]
    vofa.o(.text.VOFA_SendTask) refers to stm32f4xx_hal.o(.text.HAL_GetTick) for HAL_GetTick
    vofa.o(.text.VOFA_SendTask) refers to vofa.o(.bss.VOFA_SendTask.last_vofa_time) for VOFA_SendTask.last_vofa_time
    vofa.o(.text.VOFA_SendTask) refers to vofa.o(.bss.sine_angle) for sine_angle
    vofa.o(.text.VOFA_SendTask) refers to sinf.o(i.__hardfp_sinf) for __hardfp_sinf
    vofa.o(.text.VOFA_SendTask) refers to vofa.o(.data.vofa_frame) for vofa_frame
    vofa.o(.text.VOFA_SendTask) refers to usart.o(.bss.huart1) for huart1
    vofa.o(.text.VOFA_SendTask) refers to stm32f4xx_hal_uart.o(.text.HAL_UART_Transmit) for HAL_UART_Transmit
    vofa.o(.ARM.exidx.text.VOFA_SendTask) refers to vofa.o(.text.VOFA_SendTask) for [Anonymous Symbol]
    main.o(.text.main) refers to stm32f4xx_hal.o(.text.HAL_Init) for HAL_Init
    main.o(.text.main) refers to main.o(.text.SystemClock_Config) for SystemClock_Config
    main.o(.text.main) refers to gpio.o(.text.MX_GPIO_Init) for MX_GPIO_Init
    main.o(.text.main) refers to dma.o(.text.MX_DMA_Init) for MX_DMA_Init
    main.o(.text.main) refers to tim.o(.text.MX_TIM2_Init) for MX_TIM2_Init
    main.o(.text.main) refers to tim.o(.text.MX_TIM3_Init) for MX_TIM3_Init
    main.o(.text.main) refers to usart.o(.text.MX_USART1_UART_Init) for MX_USART1_UART_Init
    main.o(.text.main) refers to can.o(.text.MX_CAN1_Init) for MX_CAN1_Init
    main.o(.text.main) refers to beep.o(.text.Beep_Init) for Beep_Init
    main.o(.text.main) refers to stm32f4xx_hal_gpio.o(.text.HAL_GPIO_WritePin) for HAL_GPIO_WritePin
    main.o(.text.main) refers to stm32f4xx_hal.o(.text.HAL_Delay) for HAL_Delay
    main.o(.text.main) refers to tim.o(.bss.htim3) for htim3
    main.o(.text.main) refers to stm32f4xx_hal_tim.o(.text.HAL_TIM_PWM_Start) for HAL_TIM_PWM_Start
[...]
    vofa_frame                               0x20000010   Data           8  vofa.o(.data.vofa_frame)
    [Anonymous Symbol]                       0x20000010   Section        0  vofa.o(.data.vofa_frame)
    .bss                                     0x20000018   Section       96  libspace.o(.bss)
    FSM_Process.last_can_time                0x20000080   Data           4  fsm.o(.bss.FSM_Process.last_can_time)
    [Anonymous Symbol]                       0x20000080   Section        0  fsm.o(.bss.FSM_Process.last_can_time)
    HAL_GPIO_EXTI_Callback.press_time        0x20000088   Data           4  exti_irqhandler.o(.bss.HAL_GPIO_EXTI_Callback.press_time)
    [Anonymous Symbol]                       0x20000088   Section        0  exti_irqhandler.o(.bss.HAL_GPIO_EXTI_Callback.press_time)
    VOFA_SendTask.last_vofa_time             0x200000d8   Data           4  vofa.o(.bss.VOFA_SendTask.last_vofa_time)
    [Anonymous Symbol]                       0x200000d8   Section        0  vofa.o(.bss.VOFA_SendTask.last_vofa_time)
    current_mode                             0x200000e0   Data           1  fsm.o(.bss.current_mode)
    [Anonymous Symbol]                       0x200000e0   Section        0  fsm.o(.bss.current_mode)
    pxDelayedTaskList                        0x200002fc   Data           4  tasks.o(.bss.pxDelayedTaskList)
    [Anonymous Symbol]                       0x200002fc   Section        0  tasks.o(.bss.pxDelayedTaskList)
    pxEnd                                    0x20000300   Data           4  heap_4.o(.bss.pxEnd)
    [Anonymous Symbol]                       0x20000300   Section        0  heap_4.o(.bss.pxEnd)
    pxOverflowDelayedTaskList                0x20000304   Data           4  tasks.o(.bss.pxOverflowDelayedTaskList)
    [Anonymous Symbol]                       0x20000304   Section        0  tasks.o(.bss.pxOverflowDelayedTaskList)
    pxReadyTasksLists                        0x20000308   Data         140  tasks.o(.bss.pxReadyTasksLists)
    [Anonymous Symbol]                       0x20000308   Section        0  tasks.o(.bss.pxReadyTasksLists)
    sine_angle                               0x200003f8   Data           4  vofa.o(.bss.sine_angle)
    [Anonymous Symbol]                       0x200003f8   Section        0  vofa.o(.bss.sine_angle)
    ucHeap                                   0x200003fc   Data       15360  heap_4.o(.bss.ucHeap)
    [Anonymous Symbol]                       0x200003fc   Section        0  heap_4.o(.bss.ucHeap)
    ucMaxSysCallPriority                     0x20003ffc   Data           1  port.o(.bss.ucMaxSysCallPriority)
    [Anonymous Symbol]                       0x20003ffc   Section        0  port.o(.bss.ucMaxSysCallPriority)
    ulMaxPRIGROUPValue                       0x20004000   Data           4  port.o(.bss.ulMaxPRIGROUPValue)
    [Anonymous Symbol]                       0x20004000   Section        0  port.o(.bss.ulMaxPRIGROUPValue)
    uxCurrentNumberOfTasks                   0x20004008   Data           4  tasks.o(.bss.uxCurrentNumberOfTasks)
    [Anonymous Symbol]                       0x20004008   Section        0  tasks.o(.bss.uxCurrentNumberOfTasks)
    uxDeletedTasksWaitingCleanUp             0x2000400c   Data           4  tasks.o(.bss.uxDeletedTasksWaitingCleanUp)
    [Anonymous Symbol]                       0x2000400c   Section        0  tasks.o(.bss.uxDeletedTasksWaitingCleanUp)
    uxSchedulerSuspended                     0x20004010   Data           4  tasks.o(.bss.uxSchedulerSuspended)
    [Anonymous Symbol]                       0x20004010   Section        0  tasks.o(.bss.uxSchedulerSuspended)
    uxTaskNumber                             0x20004014   Data           4  tasks.o(.bss.uxTaskNumber)
    [Anonymous Symbol]                       0x20004014   Section        0  tasks.o(.bss.uxTaskNumber)
    uxTopReadyPriority                       0x20004018   Data           4  tasks.o(.bss.uxTopReadyPriority)
    [Anonymous Symbol]                       0x20004018   Section        0  tasks.o(.bss.uxTopReadyPriority)
    xBlockAllocatedBit                       0x2000401c   Data           1  heap_4.o(.bss.xBlockAllocatedBit)
    [Anonymous Symbol]                       0x2000401c   Section        0  heap_4.o(.bss.xBlockAllocatedBit)
    xDelayedTaskList1                        0x20004020   Data          20  tasks.o(.bss.xDelayedTaskList1)
    [Anonymous Symbol]                       0x20004020   Section        0  tasks.o(.bss.xDelayedTaskList1)
    xDelayedTaskList2                        0x20004034   Data          20  tasks.o(.bss.xDelayedTaskList2)
    [Anonymous Symbol]                       0x20004034   Section        0  tasks.o(.bss.xDelayedTaskList2)
    xFreeBytesRemaining                      0x20004048   Data           4  heap_4.o(.bss.xFreeBytesRemaining)
    [Anonymous Symbol]                       0x20004048   Section        0  heap_4.o(.bss.xFreeBytesRemaining)
    xIdleStack                               0x2000404c   Data         512  freertos.o(.bss.xIdleStack)
    [Anonymous Symbol]                       0x2000404c   Section        0  freertos.o(.bss.xIdleStack)
    xIdleTaskHandle                          0x2000424c   Data           4  tasks.o(.bss.xIdleTaskHandle)
    [Anonymous Symbol]                       0x2000424c   Section        0  tasks.o(.bss.xIdleTaskHandle)
    xIdleTaskTCBBuffer                       0x20004250   Data          84  freertos.o(.bss.xIdleTaskTCBBuffer)
    [Anonymous Symbol]                       0x20004250   Section        0  freertos.o(.bss.xIdleTaskTCBBuffer)
    xMinimumEverFreeBytesRemaining           0x200042a4   Data           4  heap_4.o(.bss.xMinimumEverFreeBytesRemaining)
    [Anonymous Symbol]                       0x200042a4   Section        0  heap_4.o(.bss.xMinimumEverFreeBytesRemaining)
    xNextTaskUnblockTime                     0x200042a8   Data           4  tasks.o(.bss.xNextTaskUnblockTime)
    [Anonymous Symbol]                       0x200042a8   Section        0  tasks.o(.bss.xNextTaskUnblockTime)
    xNumOfOverflows                          0x200042ac   Data           4  tasks.o(.bss.xNumOfOverflows)
    [Anonymous Symbol]                       0x200042ac   Section        0  tasks.o(.bss.xNumOfOverflows)
    xNumberOfSuccessfulAllocations           0x200042b0   Data           4  heap_4.o(.bss.xNumberOfSuccessfulAllocations)
    [Anonymous Symbol]                       0x200042b0   Section        0  heap_4.o(.bss.xNumberOfSuccessfulAllocations)
    xNumberOfSuccessfulFrees                 0x200042b4   Data           4  heap_4.o(.bss.xNumberOfSuccessfulFrees)
    [Anonymous Symbol]                       0x200042b4   Section        0  heap_4.o(.bss.xNumberOfSuccessfulFrees)
    xPendedTicks                             0x200042b8   Data           4  tasks.o(.bss.xPendedTicks)
    [Anonymous Symbol]                       0x200042b8   Section        0  tasks.o(.bss.xPendedTicks)
    xPendingReadyList                        0x200042bc   Data          20  tasks.o(.bss.xPendingReadyList)
    [Anonymous Symbol]                       0x200042bc   Section        0  tasks.o(.bss.xPendingReadyList)
    xSchedulerRunning                        0x200042d0   Data           4  tasks.o(.bss.xSchedulerRunning)
    [Anonymous Symbol]                       0x200042d0   Section        0  tasks.o(.bss.xSchedulerRunning)
    xStart                                   0x200042d4   Data           8  heap_4.o(.bss.xStart)
    [Anonymous Symbol]                       0x200042d4   Section        0  heap_4.o(.bss.xStart)
    xSuspendedTaskList                       0x200042dc   Data          20  tasks.o(.bss.xSuspendedTaskList)
    [Anonymous Symbol]                       0x200042dc   Section        0  tasks.o(.bss.xSuspendedTaskList)
    xTasksWaitingTermination                 0x200042f0   Data          20  tasks.o(.bss.xTasksWaitingTermination)
    [Anonymous Symbol]                       0x200042f0   Section        0  tasks.o(.bss.xTasksWaitingTermination)
    xTickCount                               0x20004304   Data           4  tasks.o(.bss.xTickCount)
    [Anonymous Symbol]                       0x20004304   Section        0  tasks.o(.bss.xTickCount)
    xYieldPending                            0x20004308   Data           4  tasks.o(.bss.xYieldPending)
    [Anonymous Symbol]                       0x20004308   Section        0  tasks.o(.bss.xYieldPending)
    Heap_Mem                                 0x20004310   Data        2048  startup_stm32f405xx.o(HEAP)
    HEAP                                     0x20004310   Section     2048  startup_stm32f405xx.o(HEAP)
    Stack_Mem                                0x20004b10   Data        1024  startup_stm32f405xx.o(STACK)
    STACK                                    0x20004b10   Section     1024  startup_stm32f405xx.o(STACK)
    __initial_sp                             0x20004f10   Data           0  startup_stm32f405xx.o(STACK)

    Global Symbols

    Symbol Name                              Value     Ov Type        Size  Object(Section)

    BuildAttributes$$THM_ISAv4$E$P$D$K$B$S$7EM$VFPi3$EXTD16$VFPS$VFMA$PE$A:L22UL41UL21$X:L11$S22US41US21$IEEE1$IW$~IW$USESV6$~STKCKD$USESV7$~SHL$OTIME$ROPI$IEEEX$EBA8$UX$STANDARDLIB$REQ8$PRES8$EABIv2 0x00000000   Number         0  anon$$obj.o ABSOLUTE
    __ARM_exceptions_init                     - Undefined Weak Reference
    __alloca_initialize                       - Undefined Weak Reference
    __arm_preinit_                            - Undefined Weak Reference
    __arm_relocate_pie_                       - Undefined Weak Reference
    __cpp_initialize__aeabi_                  - Undefined Weak Reference
    __cxa_finalize                            - Undefined Weak Reference
    __rt_locale                               - Undefined Weak Reference
    __sigvec_lookup                           - Undefined Weak Reference
    _atexit_init                              - Undefined Weak Reference
    _call_atexit_fns                          - Undefined Weak Reference
    _clock_init                               - Undefined Weak Reference
    _fp_trap_init                             - Undefined Weak Reference
    _fp_trap_shutdown                         - Undefined Weak Reference
    _get_lc_collate                           - Undefined Weak Reference
    _get_lc_ctype                             - Undefined Weak Reference
    _get_lc_monetary                          - Undefined Weak Reference
    _get_lc_numeric                           - Undefined Weak Reference
    _get_lc_time                              - Undefined Weak Reference
    _getenv_init                              - Undefined Weak Reference
    _handle_redirection                       - Undefined Weak Reference
    _init_alloc                               - Undefined Weak Reference
    _init_user_alloc                          - Undefined Weak Reference
    _initio                                   - Undefined Weak Reference
    _rand_init                                - Undefined Weak Reference
    _signal_finish                            - Undefined Weak Reference
    _signal_init                              - Undefined Weak Reference
    _terminate_alloc                          - Undefined Weak Reference
    _terminate_user_alloc                     - Undefined Weak Reference
    _terminateio                              - Undefined Weak Reference
    __Vectors_Size                           0x00000188   Number         0  startup_stm32f405xx.o ABSOLUTE
    __Vectors                                0x08000000   Data           4  startup_stm32f405xx.o(RESET)
    __Vectors_End                            0x08000188   Data           0  startup_stm32f405xx.o(RESET)
    __main                                   0x08000189   Thumb Code     8  __main.o(!!!main)
    __scatterload                            0x08000191   Thumb Code     0  __scatter.o(!!!scatter)
    __scatterload_rt2                        0x08000191   Thumb Code    44  __scatter.o(!!!scatter)
    __scatterload_rt2_thumb_only             0x08000191   Thumb Code     0  __scatter.o(!!!scatter)
    __scatterload_null                       0x0800019f   Thumb Code     0  __scatter.o(!!!scatter)
    __scatterload_copy                       0x080001c5   Thumb Code    26  __scatter_copy.o(!!handler_copy)
    __scatterload_zeroinit                   0x080001e1   Thumb Code    28  __scatter_zi.o(!!handler_zi)
    __rt_lib_init                            0x080001fd   Thumb Code     0  libinit.o(.ARM.Collect$$libinit$$00000000)
    __rt_lib_init_fp_1                       0x080001ff   Thumb Code     0  libinit2.o(.ARM.Collect$$libinit$$00000001)
    __rt_lib_init_alloca_1                   0x08000203   Thumb Code     0  libinit2.o(.ARM.Collect$$libinit$$00000030)
    __rt_lib_init_argv_1                     0x08000203   Thumb Code     0  libinit2.o(.ARM.Collect$$libinit$$0000002E)
    __rt_lib_init_atexit_1                   0x08000203   Thumb Code     0  libinit2.o(.ARM.Collect$$libinit$$0000001D)
    __rt_lib_init_clock_1                    0x08000203   Thumb Code     0  libinit2.o(.ARM.Collect$$libinit$$00000023)
    __rt_lib_init_cpp_1                      0x08000203   Thumb Code     0  libinit2.o(.ARM.Collect$$libinit$$00000034)
    __rt_lib_init_exceptions_1               0x08000203   Thumb Code     0  libinit2.o(.ARM.Collect$$libinit$$00000032)
    __rt_lib_init_fp_trap_1                  0x08000203   Thumb Code     0  libinit2.o(.ARM.Collect$$libinit$$00000021)
    __rt_lib_init_getenv_1                   0x08000203   Thumb Code     0  libinit2.o(.ARM.Collect$$libinit$$00000025)
    __rt_lib_init_heap_1                     0x08000203   Thumb Code     0  libinit2.o(.ARM.Collect$$libinit$$0000000C)
    __rt_lib_init_lc_collate_1               0x08000203   Thumb Code     0  libinit2.o(.ARM.Collect$$libinit$$00000013)
    __rt_lib_init_lc_ctype_1                 0x08000203   Thumb Code     0  libinit2.o(.ARM.Collect$$libinit$$00000015)
    __rt_lib_init_lc_monetary_1              0x08000203   Thumb Code     0  libinit2.o(.ARM.Collect$$libinit$$00000017)
    __rt_lib_init_lc_numeric_1               0x08000203   Thumb Code     0  libinit2.o(.ARM.Collect$$libinit$$00000019)
    __rt_lib_init_lc_time_1                  0x08000203   Thumb Code     0  libinit2.o(.ARM.Collect$$libinit$$0000001B)
    __rt_lib_init_preinit_1                  0x08000203   Thumb Code     0  libinit2.o(.ARM.Collect$$libinit$$00000006)
    __rt_lib_init_rand_1                     0x08000203   Thumb Code     0  libinit2.o(.ARM.Collect$$libinit$$00000010)
    __rt_lib_init_relocate_pie_1             0x08000203   Thumb Code     0  libinit2.o(.ARM.Collect$$libinit$$00000004)
    __rt_lib_init_return                     0x08000203   Thumb Code     0  libinit2.o(.ARM.Collect$$libinit$$00000035)
    __rt_lib_init_signal_1                   0x08000203   Thumb Code     0  libinit2.o(.ARM.Collect$$libinit$$0000001F)
    __rt_lib_init_stdio_1                    0x08000203   Thumb Code     0  libinit2.o(.ARM.Collect$$libinit$$00000027)
    __rt_lib_init_user_alloc_1               0x08000203   Thumb Code     0  libinit2.o(.ARM.Collect$$libinit$$0000000E)
    __rt_lib_shutdown                        0x08000205   Thumb Code     0  libshutdown.o(.ARM.Collect$$libshutdown$$00000000)
    __rt_lib_shutdown_cpp_1                  0x08000207   Thumb Code     0  libshutdown2.o(.ARM.Collect$$libshutdown$$00000002)
    __rt_lib_shutdown_fp_trap_1              0x08000207   Thumb Code     0  libshutdown2.o(.ARM.Collect$$libshutdown$$00000007)
    __rt_lib_shutdown_heap_1                 0x08000207   Thumb Code     0  libshutdown2.o(.ARM.Collect$$libshutdown$$0000000F)
    __rt_lib_shutdown_return                 0x08000207   Thumb Code     0  libshutdown2.o(.ARM.Collect$$libshutdown$$00000010)
    __rt_lib_shutdown_signal_1               0x08000207   Thumb Code     0  libshutdown2.o(.ARM.Collect$$libshutdown$$0000000A)
    __rt_lib_shutdown_stdio_1                0x08000207   Thumb Code     0  libshutdown2.o(.ARM.Collect$$libshutdown$$00000004)
    __rt_lib_shutdown_user_alloc_1           0x08000207   Thumb Code     0  libshutdown2.o(.ARM.Collect$$libshutdown$$0000000C)
    __rt_entry                               0x08000209   Thumb Code     0  __rtentry.o(.ARM.Collect$$rtentry$$00000000)
    __rt_entry_presh_1                       0x08000209   Thumb Code     0  __rtentry2.o(.ARM.Collect$$rtentry$$00000002)
    __rt_entry_sh                            0x08000209   Thumb Code     0  __rtentry4.o(.ARM.Collect$$rtentry$$00000004)
    __rt_entry_li                            0x0800020f   Thumb Code     0  __rtentry2.o(.ARM.Collect$$rtentry$$0000000A)
    __rt_entry_postsh_1                      0x0800020f   Thumb Code     0  __rtentry2.o(.ARM.Collect$$rtentry$$00000009)
    __rt_entry_main                          0x08000213   Thumb Code     0  __rtentry2.o(.ARM.Collect$$rtentry$$0000000D)
    __rt_entry_postli_1                      0x08000213   Thumb Code     0  __rtentry2.o(.ARM.Collect$$rtentry$$0000000C)
    __rt_exit                                0x0800021b   Thumb Code     0  rtexit.o(.ARM.Collect$$rtexit$$00000000)
    __rt_exit_ls                             0x0800021d   Thumb Code     0  rtexit2.o(.ARM.Collect$$rtexit$$00000003)
    __rt_exit_prels_1                        0x0800021d   Thumb Code     0  rtexit2.o(.ARM.Collect$$rtexit$$00000002)
    __rt_exit_exit                           0x08000221   Thumb Code     0  rtexit2.o(.ARM.Collect$$rtexit$$00000004)
    Reset_Handler                            0x08000229   Thumb Code     8  startup_stm32f405xx.o(.text)
    ADC_IRQHandler                           0x08000243   Thumb Code     0  startup_stm32f405xx.o(.text)
    CAN1_SCE_IRQHandler                      0x08000243   Thumb Code     0  startup_stm32f405xx.o(.text)
    CAN1_TX_IRQHandler                       0x08000243   Thumb Code     0  startup_stm32f405xx.o(.text)
    CAN2_RX0_IRQHandler                      0x08000243   Thumb Code     0  startup_stm32f405xx.o(.text)
    CAN2_RX1_IRQHandler                      0x08000243   Thumb Code     0  startup_stm32f405xx.o(.text)
    CAN2_SCE_IRQHandler                      0x08000243   Thumb Code     0  startup_stm32f405xx.o(.text)
    CAN2_TX_IRQHandler                       0x08000243   Thumb Code     0  startup_stm32f405xx.o(.text)
    DMA1_Stream0_IRQHandler                  0x08000243   Thumb Code     0  startup_stm32f405xx.o(.text)
    DMA1_Stream1_IRQHandler                  0x08000243   Thumb Code     0  startup_stm32f405xx.o(.text)
    DMA1_Stream2_IRQHandler                  0x08000243   Thumb Code     0  startup_stm32f405xx.o(.text)
    DMA1_Stream3_IRQHandler                  0x08000243   Thumb Code     0  startup_stm32f405xx.o(.text)
    DMA1_Stream4_IRQHandler                  0x08000243   Thumb Code     0  startup_stm32f405xx.o(.text)
    DMA1_Stream5_IRQHandler                  0x08000243   Thumb Code     0  startup_stm32f405xx.o(.text)
    DMA1_Stream6_IRQHandler                  0x08000243   Thumb Code     0  startup_stm32f405xx.o(.text)
    DMA1_Stream7_IRQHandler                  0x08000243   Thumb Code     0  startup_stm32f405xx.o(.text)
    DMA2_Stream0_IRQHandler                  0x08000243   Thumb Code     0  startup_stm32f405xx.o(.text)
    DMA2_Stream1_IRQHandler                  0x08000243   Thumb Code     0  startup_stm32f405xx.o(.text)
    DMA2_Stream3_IRQHandler                  0x08000243   Thumb Code     0  startup_stm32f405xx.o(.text)
    DMA2_Stream4_IRQHandler                  0x08000243   Thumb Code     0  startup_stm32f405xx.o(.text)
    DMA2_Stream5_IRQHandler                  0x08000243   Thumb Code     0  startup_stm32f405xx.o(.text)
    DMA2_Stream6_IRQHandler                  0x08000243   Thumb Code     0  startup_stm32f405xx.o(.text)
    EXTI0_IRQHandler                         0x08000243   Thumb Code     0  startup_stm32f405xx.o(.text)
    EXTI1_IRQHandler                         0x08000243   Thumb Code     0  startup_stm32f405xx.o(.text)
    EXTI2_IRQHandler                         0x08000243   Thumb Code     0  startup_stm32f405xx.o(.text)
    EXTI3_IRQHandler                         0x08000243   Thumb Code     0  startup_stm32f405xx.o(.text)
    EXTI4_IRQHandler                         0x08000243   Thumb Code     0  startup_stm32f405xx.o(.text)
    EXTI9_5_IRQHandler                       0x08000243   Thumb Code     0  startup_stm32f405xx.o(.text)
    FLASH_IRQHandler                         0x08000243   Thumb Code     0  startup_stm32f405xx.o(.text)
    FMC_IRQHandler                           0x08000243   Thumb Code     0  startup_stm32f405xx.o(.text)
    FPU_IRQHandler                           0x08000243   Thumb Code     0  startup_stm32f405xx.o(.text)
    HASH_RNG_IRQHandler                      0x08000243   Thumb Code     0  startup_stm32f405xx.o(.text)
    I2C1_ER_IRQHandler                       0x08000243   Thumb Code     0  startup_stm32f405xx.o(.text)
    I2C1_EV_IRQHandler                       0x08000243   Thumb Code     0  startup_stm32f405xx.o(.text)
    I2C2_ER_IRQHandler                       0x08000243   Thumb Code     0  startup_stm32f405xx.o(.text)
    I2C2_EV_IRQHandler                       0x08000243   Thumb Code     0  startup_stm32f405xx.o(.text)
    I2C3_ER_IRQHandler                       0x08000243   Thumb Code     0  startup_stm32f405xx.o(.text)
    I2C3_EV_IRQHandler                       0x08000243   Thumb Code     0  startup_stm32f405xx.o(.text)
    OTG_FS_IRQHandler                        0x08000243   Thumb Code     0  startup_stm32f405xx.o(.text)
    OTG_FS_WKUP_IRQHandler                   0x08000243   Thumb Code     0  startup_stm32f405xx.o(.text)
    OTG_HS_EP1_IN_IRQHandler                 0x08000243   Thumb Code     0  startup_stm32f405xx.o(.text)
    OTG_HS_EP1_OUT_IRQHandler                0x08000243   Thumb Code     0  startup_stm32f405xx.o(.text)
    OTG_HS_IRQHandler                        0x08000243   Thumb Code     0  startup_stm32f405xx.o(.text)
    OTG_HS_WKUP_IRQHandler                   0x08000243   Thumb Code     0  startup_stm32f405xx.o(.text)
    PVD_IRQHandler                           0x08000243   Thumb Code     0  startup_stm32f405xx.o(.text)
    RCC_IRQHandler                           0x08000243   Thumb Code     0  startup_stm32f405xx.o(.text)
    RTC_Alarm_IRQHandler                     0x08000243   Thumb Code     0  startup_stm32f405xx.o(.text)
    RTC_WKUP_IRQHandler                      0x08000243   Thumb Code     0  startup_stm32f405xx.o(.text)
    SDIO_IRQHandler                          0x08000243   Thumb Code     0  startup_stm32f405xx.o(.text)
    SPI1_IRQHandler                          0x08000243   Thumb Code     0  startup_stm32f405xx.o(.text)
    SPI2_IRQHandler                          0x08000243   Thumb Code     0  startup_stm32f405xx.o(.text)
    SPI3_IRQHandler                          0x08000243   Thumb Code     0  startup_stm32f405xx.o(.text)
    TAMP_STAMP_IRQHandler                    0x08000243   Thumb Code     0  startup_stm32f405xx.o(.text)
    TIM1_BRK_TIM9_IRQHandler                 0x08000243   Thumb Code     0  startup_stm32f405xx.o(.text)
    TIM1_CC_IRQHandler                       0x08000243   Thumb Code     0  startup_stm32f405xx.o(.text)
    TIM1_TRG_COM_TIM11_IRQHandler            0x08000243   Thumb Code     0  startup_stm32f405xx.o(.text)
    TIM1_UP_TIM10_IRQHandler                 0x08000243   Thumb Code     0  startup_stm32f405xx.o(.text)
    TIM3_IRQHandler                          0x08000243   Thumb Code     0  startup_stm32f405xx.o(.text)
    TIM4_IRQHandler                          0x08000243   Thumb Code     0  startup_stm32f405xx.o(.text)
    TIM5_IRQHandler                          0x08000243   Thumb Code     0  startup_stm32f405xx.o(.text)
    TIM6_DAC_IRQHandler                      0x08000243   Thumb Code     0  startup_stm32f405xx.o(.text)
    TIM8_BRK_TIM12_IRQHandler                0x08000243   Thumb Code     0  startup_stm32f405xx.o(.text)
    TIM8_CC_IRQHandler                       0x08000243   Thumb Code     0  startup_stm32f405xx.o(.text)
    TIM8_TRG_COM_TIM14_IRQHandler            0x08000243   Thumb Code     0  startup_stm32f405xx.o(.text)
    TIM8_UP_TIM13_IRQHandler                 0x08000243   Thumb Code     0  startup_stm32f405xx.o(.text)
    UART4_IRQHandler                         0x08000243   Thumb Code     0  startup_stm32f405xx.o(.text)
    UART5_IRQHandler                         0x08000243   Thumb Code     0  startup_stm32f405xx.o(.text)
    USART2_IRQHandler                        0x08000243   Thumb Code     0  startup_stm32f405xx.o(.text)
    USART3_IRQHandler                        0x08000243   Thumb Code     0  startup_stm32f405xx.o(.text)
    USART6_IRQHandler                        0x08000243   Thumb Code     0  startup_stm32f405xx.o(.text)
    WWDG_IRQHandler                          0x08000243   Thumb Code     0  startup_stm32f405xx.o(.text)
    __user_initial_stackheap                 0x08000245   Thumb Code     0  startup_stm32f405xx.o(.text)
    __aeabi_uldivmod                         0x08000269   Thumb Code     0  lludivv7m.o(.text)
    _ll_udiv                                 0x08000269   Thumb Code   240  lludivv7m.o(.text)
    __aeabi_memclr4                          0x08000359   Thumb Code     0  rt_memclr_w.o(.text)
    __aeabi_memclr8                          0x08000359   Thumb Code     0  rt_memclr_w.o(.text)
    __rt_memclr_w                            0x08000359   Thumb Code     0  rt_memclr_w.o(.text)
    _memset_w                                0x0800035d   Thumb Code    74  rt_memclr_w.o(.text)
    __use_two_region_memory                  0x080003a7   Thumb Code     2  heapauxi.o(.text)
    __rt_heap_escrow$2region                 0x080003a9   Thumb Code     2  heapauxi.o(.text)
    __rt_heap_expand$2region                 0x080003ab   Thumb Code     2  heapauxi.o(.text)
    __read_errno                             0x080003ad   Thumb Code    10  _rserrno.o(.text)
    __set_errno                              0x080003b7   Thumb Code    12  _rserrno.o(.text)
    __aeabi_errno_addr                       0x080003c5   Thumb Code     8  rt_errno_addr_intlibspace.o(.text)
    __errno$intlibspace                      0x080003c5   Thumb Code     0  rt_errno_addr_intlibspace.o(.text)
    __rt_errno_addr$intlibspace              0x080003c5   Thumb Code     0  rt_errno_addr_intlibspace.o(.text)
    __user_libspace                          0x080003cd   Thumb Code     8  libspace.o(.text)
    __user_perproc_libspace                  0x080003cd   Thumb Code     0  libspace.o(.text)
    __user_perthread_libspace                0x080003cd   Thumb Code     0  libspace.o(.text)
    __user_setup_stackheap                   0x080003d5   Thumb Code    74  sys_stackheap_outer.o(.text)
    exit                                     0x0800041f   Thumb Code    18  exit.o(.text)
    _sys_exit                                0x08000431   Thumb Code     8  sys_exit.o(.text)
    __I$use$semihosting                      0x0800043d   Thumb Code     0  use_no_semi.o(.text)
    __use_no_semihosting_swi                 0x0800043d   Thumb Code     2  use_no_semi.o(.text)
    __semihosting_library_function           0x0800043f   Thumb Code     0  indicate_semi.o(.text)
    Beep_Alarm                               0x08000441   Thumb Code    64  beep.o(.text.Beep_Alarm)
    Beep_Init                                0x08000481   Thumb Code   118  beep.o(.text.Beep_Init)
    BusFault_Handler                         0x080004f9   Thumb Code     2  stm32f4xx_it.o(.text.BusFault_Handler)
    CAN1_RX0_IRQHandler                      0x080004fd   Thumb Code    16  stm32f4xx_it.o(.text.CAN1_RX0_IRQHandler)
    CAN1_RX1_IRQHandler                      0x0800050d   Thumb Code    16  stm32f4xx_it.o(.text.CAN1_RX1_IRQHandler)
    CAN_Send_Data                            0x0800051d   Thumb Code    88  can_irqhandler.o(.text.CAN_Send_Data)
    DMA2_Stream2_IRQHandler                  0x08000575   Thumb Code    16  stm32f4xx_it.o(.text.DMA2_Stream2_IRQHandler)
    DMA2_Stream7_IRQHandler                  0x08000585   Thumb Code    16  stm32f4xx_it.o(.text.DMA2_Stream7_IRQHandler)
    DebugMon_Handler                         0x08000595   Thumb Code     2  stm32f4xx_it.o(.text.DebugMon_Handler)
    EXTI15_10_IRQHandler                     0x08000599   Thumb Code    12  stm32f4xx_it.o(.text.EXTI15_10_IRQHandler)
    Error_Handler                            0x080005a5   Thumb Code     6  main.o(.text.Error_Handler)
    FSM_Process                              0x080005ad   Thumb Code   192  fsm.o(.text.FSM_Process)
    HAL_CAN_ActivateNotification             0x0800066d   Thumb Code    38  stm32f4xx_hal_can.o(.text.HAL_CAN_ActivateNotification)
    HAL_CAN_AddTxMessage                     0x08000695   Thumb Code   146  stm32f4xx_hal_can.o(.text.HAL_CAN_AddTxMessage)
    HAL_CAN_ConfigFilter                     0x08000729   Thumb Code   222  stm32f4xx_hal_can.o(.text.HAL_CAN_ConfigFilter)
    HAL_CAN_ErrorCallback                    0x08000809   Thumb Code     2  stm32f4xx_hal_can.o(.text.HAL_CAN_ErrorCallback)
    HAL_CAN_GetRxMessage                     0x0800080d   Thumb Code   292  stm32f4xx_hal_can.o(.text.HAL_CAN_GetRxMessage)
    HAL_CAN_GetTxMailboxesFreeLevel          0x08000931   Thumb Code    40  stm32f4xx_hal_can.o(.text.HAL_CAN_GetTxMailboxesFreeLevel)
    HAL_CAN_IRQHandler                       0x08000959   Thumb Code   570  stm32f4xx_hal_can.o(.text.HAL_CAN_IRQHandler)
    HAL_CAN_Init                             0x08000b95   Thumb Code   244  stm32f4xx_hal_can.o(.text.HAL_CAN_Init)
    HAL_CAN_MspInit                          0x08000c89   Thumb Code   148  can.o(.text.HAL_CAN_MspInit)
    HAL_CAN_RxFifo0FullCallback              0x08000d1d   Thumb Code     2  stm32f4xx_hal_can.o(.text.HAL_CAN_RxFifo0FullCallback)
    HAL_CAN_RxFifo0MsgPendingCallback        0x08000d21   Thumb Code   122  can_irqhandler.o(.text.HAL_CAN_RxFifo0MsgPendingCallback)
    HAL_CAN_RxFifo1FullCallback              0x08000d9d   Thumb Code     2  stm32f4xx_hal_can.o(.text.HAL_CAN_RxFifo1FullCallback)
    HAL_CAN_RxFifo1MsgPendingCallback        0x08000da1   Thumb Code     2  stm32f4xx_hal_can.o(.text.HAL_CAN_RxFifo1MsgPendingCallback)
    HAL_CAN_SleepCallback                    0x08000da5   Thumb Code     2  stm32f4xx_hal_can.o(.text.HAL_CAN_SleepCallback)
    HAL_CAN_Start                            0x08000da9   Thumb Code    90  stm32f4xx_hal_can.o(.text.HAL_CAN_Start)
    HAL_CAN_TxMailbox0AbortCallback          0x08000e05   Thumb Code     2  stm32f4xx_hal_can.o(.text.HAL_CAN_TxMailbox0AbortCallback)
    HAL_CAN_TxMailbox0CompleteCallback       0x08000e09   Thumb Code     2  stm32f4xx_hal_can.o(.text.HAL_CAN_TxMailbox0CompleteCallback)
    HAL_CAN_TxMailbox1AbortCallback          0x08000e0d   Thumb Code     2  stm32f4xx_hal_can.o(.text.HAL_CAN_TxMailbox1AbortCallback)
    HAL_CAN_TxMailbox1CompleteCallback       0x08000e11   Thumb Code     2  stm32f4xx_hal_can.o(.text.HAL_CAN_TxMailbox1CompleteCallback)
    HAL_CAN_TxMailbox2AbortCallback          0x08000e15   Thumb Code     2  stm32f4xx_hal_can.o(.text.HAL_CAN_TxMailbox2AbortCallback)
    HAL_CAN_TxMailbox2CompleteCallback       0x08000e19   Thumb Code     2  stm32f4xx_hal_can.o(.text.HAL_CAN_TxMailbox2CompleteCallback)
    HAL_CAN_WakeUpFromRxMsgCallback          0x08000e1d   Thumb Code     2  stm32f4xx_hal_can.o(.text.HAL_CAN_WakeUpFromRxMsgCallback)
    HAL_DMA_Abort                            0x08000e21   Thumb Code   128  stm32f4xx_hal_dma.o(.text.HAL_DMA_Abort)
    HAL_DMA_Abort_IT                         0x08000ea1   Thumb Code    36  stm32f4xx_hal_dma.o(.text.HAL_DMA_Abort_IT)
    HAL_DMA_IRQHandler                       0x08000ec5   Thumb Code   394  stm32f4xx_hal_dma.o(.text.HAL_DMA_IRQHandler)
    HAL_DMA_Init                             0x08001051   Thumb Code   320  stm32f4xx_hal_dma.o(.text.HAL_DMA_Init)
    HAL_DMA_Start_IT                         0x08001191   Thumb Code   156  stm32f4xx_hal_dma.o(.text.HAL_DMA_Start_IT)
    HAL_Delay                                0x0800122d   Thumb Code    40  stm32f4xx_hal.o(.text.HAL_Delay)
    HAL_GPIO_EXTI_Callback                   0x08001255   Thumb Code   102  exti_irqhandler.o(.text.HAL_GPIO_EXTI_Callback)
    HAL_GPIO_EXTI_IRQHandler                 0x080012bd   Thumb Code    26  stm32f4xx_hal_gpio.o(.text.HAL_GPIO_EXTI_IRQHandler)
    HAL_GPIO_Init                            0x080012d9   Thumb Code   416  stm32f4xx_hal_gpio.o(.text.HAL_GPIO_Init)
    HAL_GPIO_ReadPin                         0x08001479   Thumb Code    10  stm32f4xx_hal_gpio.o(.text.HAL_GPIO_ReadPin)
    HAL_GPIO_WritePin                        0x08001485   Thumb Code    10  stm32f4xx_hal_gpio.o(.text.HAL_GPIO_WritePin)
    HAL_GetTick                              0x08001491   Thumb Code    12  stm32f4xx_hal.o(.text.HAL_GetTick)
    HAL_IncTick                              0x0800149d   Thumb Code    26  stm32f4xx_hal.o(.text.HAL_IncTick)
    HAL_Init                                 0x080014b9   Thumb Code    54  stm32f4xx_hal.o(.text.HAL_Init)
    HAL_InitTick                             0x080014f1   Thumb Code   174  stm32f4xx_hal_timebase_tim.o(.text.HAL_InitTick)
    HAL_MspInit                              0x080015a1   Thumb Code    70  stm32f4xx_hal_msp.o(.text.HAL_MspInit)
    HAL_NVIC_EnableIRQ                       0x080015e9   Thumb Code    32  stm32f4xx_hal_cortex.o(.text.HAL_NVIC_EnableIRQ)
    HAL_NVIC_SetPriority                     0x08001609   Thumb Code    86  stm32f4xx_hal_cortex.o(.text.HAL_NVIC_SetPriority)
    HAL_NVIC_SetPriorityGrouping             0x08001661   Thumb Code    32  stm32f4xx_hal_cortex.o(.text.HAL_NVIC_SetPriorityGrouping)
    HAL_RCC_ClockConfig                      0x08001681   Thumb Code   352  stm32f4xx_hal_rcc.o(.text.HAL_RCC_ClockConfig)
    HAL_RCC_GetClockConfig                   0x080017e1   Thumb Code    62  stm32f4xx_hal_rcc.o(.text.HAL_RCC_GetClockConfig)
    HAL_RCC_GetPCLK1Freq                     0x08001821   Thumb Code    38  stm32f4xx_hal_rcc.o(.text.HAL_RCC_GetPCLK1Freq)
    HAL_RCC_GetPCLK2Freq                     0x08001849   Thumb Code    38  stm32f4xx_hal_rcc.o(.text.HAL_RCC_GetPCLK2Freq)
    HAL_RCC_GetSysClockFreq                  0x08001871   Thumb Code   104  stm32f4xx_hal_rcc.o(.text.HAL_RCC_GetSysClockFreq)
    HAL_RCC_OscConfig                        0x080018d9   Thumb Code   840  stm32f4xx_hal_rcc.o(.text.HAL_RCC_OscConfig)
    HAL_TIMEx_BreakCallback                  0x08001c21   Thumb Code     2  stm32f4xx_hal_tim_ex.o(.text.HAL_TIMEx_BreakCallback)
    HAL_TIMEx_CommutCallback                 0x08001c25   Thumb Code     2  stm32f4xx_hal_tim_ex.o(.text.HAL_TIMEx_CommutCallback)
    HAL_TIMEx_MasterConfigSynchronization    0x08001c29   Thumb Code   184  stm32f4xx_hal_tim_ex.o(.text.HAL_TIMEx_MasterConfigSynchronization)
    HAL_TIM_Base_Init                        0x08001ce1   Thumb Code    90  stm32f4xx_hal_tim.o(.text.HAL_TIM_Base_Init)
    HAL_TIM_Base_MspInit                     0x08001d3d   Thumb Code   108  tim.o(.text.HAL_TIM_Base_MspInit)
    HAL_TIM_Base_Start_IT                    0x08001da9   Thumb Code   168  stm32f4xx_hal_tim.o(.text.HAL_TIM_Base_Start_IT)
    HAL_TIM_ConfigClockSource                0x08001e51   Thumb Code   412  stm32f4xx_hal_tim.o(.text.HAL_TIM_ConfigClockSource)
    HAL_TIM_IC_CaptureCallback               0x08001fed   Thumb Code     2  stm32f4xx_hal_tim.o(.text.HAL_TIM_IC_CaptureCallback)
    HAL_TIM_IRQHandler                       0x08001ff1   Thumb Code   326  stm32f4xx_hal_tim.o(.text.HAL_TIM_IRQHandler)
    HAL_TIM_OC_DelayElapsedCallback          0x08002139   Thumb Code     2  stm32f4xx_hal_tim.o(.text.HAL_TIM_OC_DelayElapsedCallback)
    HAL_TIM_PWM_ConfigChannel                0x0800213d   Thumb Code   534  stm32f4xx_hal_tim.o(.text.HAL_TIM_PWM_ConfigChannel)
    HAL_TIM_PWM_Init                         0x08002355   Thumb Code    90  stm32f4xx_hal_tim.o(.text.HAL_TIM_PWM_Init)
    HAL_TIM_PWM_MspInit                      0x080023b1   Thumb Code     2  stm32f4xx_hal_tim.o(.text.HAL_TIM_PWM_MspInit)
    HAL_TIM_PWM_PulseFinishedCallback        0x080023b5   Thumb Code     2  stm32f4xx_hal_tim.o(.text.HAL_TIM_PWM_PulseFinishedCallback)
    HAL_TIM_PWM_Start                        0x080023b9   Thumb Code   302  stm32f4xx_hal_tim.o(.text.HAL_TIM_PWM_Start)
    HAL_TIM_PeriodElapsedCallback            0x080024e9   Thumb Code    22  main.o(.text.HAL_TIM_PeriodElapsedCallback)
    HAL_TIM_TriggerCallback                  0x08002501   Thumb Code     2  stm32f4xx_hal_tim.o(.text.HAL_TIM_TriggerCallback)
    HAL_UARTEx_ReceiveToIdle_DMA             0x08002505   Thumb Code    92  stm32f4xx_hal_uart.o(.text.HAL_UARTEx_ReceiveToIdle_DMA)
    HAL_UARTEx_RxEventCallback               0x08002561   Thumb Code   102  uart_irqhandler.o(.text.HAL_UARTEx_RxEventCallback)
    HAL_UART_ErrorCallback                   0x080025c9   Thumb Code     2  stm32f4xx_hal_uart.o(.text.HAL_UART_ErrorCallback)
    HAL_UART_IRQHandler                      0x080025cd   Thumb Code   782  stm32f4xx_hal_uart.o(.text.HAL_UART_IRQHandler)
    HAL_UART_Init                            0x080028dd   Thumb Code    96  stm32f4xx_hal_uart.o(.text.HAL_UART_Init)
    HAL_UART_MspInit                         0x0800293d   Thumb Code   292  usart.o(.text.HAL_UART_MspInit)
    HAL_UART_Receive_DMA                     0x08002a61   Thumb Code    44  stm32f4xx_hal_uart.o(.text.HAL_UART_Receive_DMA)
    HAL_UART_RxCpltCallback                  0x08002a8d   Thumb Code    88  uart_irqhandler.o(.text.HAL_UART_RxCpltCallback)
    HAL_UART_RxHalfCpltCallback              0x08002ae5   Thumb Code     2  stm32f4xx_hal_uart.o(.text.HAL_UART_RxHalfCpltCallback)
    HAL_UART_Transmit                        0x08002ae9   Thumb Code   238  stm32f4xx_hal_uart.o(.text.HAL_UART_Transmit)
    HAL_UART_TxCpltCallback                  0x08002bd9   Thumb Code     2  stm32f4xx_hal_uart.o(.text.HAL_UART_TxCpltCallback)
    HardFault_Handler                        0x08002bdd   Thumb Code     2  stm32f4xx_it.o(.text.HardFault_Handler)
    Led_Water                                0x08002be1   Thumb Code    74  led.o(.text.Led_Water)
    MX_CAN1_Init                             0x08002c2d   Thumb Code   166  can.o(.text.MX_CAN1_Init)
    MX_DMA_Init                              0x08002cd5   Thumb Code    70  dma.o(.text.MX_DMA_Init)
    MX_FREERTOS_Init                         0x08002d1d   Thumb Code   260  freertos.o(.text.MX_FREERTOS_Init)
    MX_GPIO_Init                             0x08002e21   Thumb Code   172  gpio.o(.text.MX_GPIO_Init)
    MX_TIM2_Init                             0x08002ecd   Thumb Code   140  tim.o(.text.MX_TIM2_Init)
    MX_TIM3_Init                             0x08002f59   Thumb Code   310  tim.o(.text.MX_TIM3_Init)
    MX_USART1_UART_Init                      0x08003091   Thumb Code    56  usart.o(.text.MX_USART1_UART_Init)
    MemManage_Handler                        0x080030c9   Thumb Code     2  stm32f4xx_it.o(.text.MemManage_Handler)
    NMI_Handler                              0x080030cd   Thumb Code     2  stm32f4xx_it.o(.text.NMI_Handler)
    PendSV_Handler                           0x080030d1   Thumb Code   100  port.o(.text.PendSV_Handler)
    SVC_Handler                              0x08003141   Thumb Code    36  port.o(.text.SVC_Handler)
    StartBreatheTask                         0x08003165   Thumb Code   134  freertos.o(.text.StartBreatheTask)
    StartDefaultTask                         0x080031ed   Thumb Code     8  freertos.o(.text.StartDefaultTask)
    StartFeedback100HzTask                   0x080031f5   Thumb Code   176  freertos.o(.text.StartFeedback100HzTask)
    StartNoise500HzTask                      0x080032a5   Thumb Code    94  freertos.o(.text.StartNoise500HzTask)
    StartWaterLedTask                        0x08003305   Thumb Code   106  freertos.o(.text.StartWaterLedTask)
    SysTick_Handler                          0x08003371   Thumb Code    46  port.o(.text.SysTick_Handler)
    SystemClock_Config                       0x080033a1   Thumb Code   170  main.o(.text.SystemClock_Config)
    SystemInit                               0x0800344d   Thumb Code    18  system_stm32f4xx.o(.text.SystemInit)
    TIM2_IRQHandler                          0x08003461   Thumb Code    16  stm32f4xx_it.o(.text.TIM2_IRQHandler)
    TIM7_IRQHandler                          0x08003471   Thumb Code    16  stm32f4xx_it.o(.text.TIM7_IRQHandler)
    TIM_Base_SetConfig                       0x08003481   Thumb Code   300  stm32f4xx_hal_tim.o(.text.TIM_Base_SetConfig)
    UART_Start_Receive_DMA                   0x080038b1   Thumb Code   170  stm32f4xx_hal_uart.o(.text.UART_Start_Receive_DMA)
    USART1_IRQHandler                        0x0800395d   Thumb Code    16  stm32f4xx_it.o(.text.USART1_IRQHandler)
    UsageFault_Handler                       0x0800396d   Thumb Code     2  stm32f4xx_it.o(.text.UsageFault_Handler)
    VOFA_SendTask                            0x08003971   Thumb Code   136  vofa.o(.text.VOFA_SendTask)
    main                                     0x080039f9   Thumb Code   140  main.o(.text.main)
    osDelay                                  0x08003a85   Thumb Code    16  cmsis_os.o(.text.osDelay)
    osKernelStart                            0x08003a95   Thumb Code    10  cmsis_os.o(.text.osKernelStart)
    osThreadCreate                           0x08003aa1   Thumb Code    94  cmsis_os.o(.text.osThreadCreate)
    pvPortMalloc                             0x08003d11   Thumb Code   454  heap_4.o(.text.pvPortMalloc)
    pxPortInitialiseStack                    0x08003ed9   Thumb Code    40  port.o(.text.pxPortInitialiseStack)
    uxListRemove                             0x08003f01   Thumb Code    36  list.o(.text.uxListRemove)
    vApplicationGetIdleTaskMemory            0x08003f25   Thumb Code    26  freertos.o(.text.vApplicationGetIdleTaskMemory)
    vListInitialise                          0x08003f41   Thumb Code    22  list.o(.text.vListInitialise)
    vListInitialiseItem                      0x08003f59   Thumb Code     6  list.o(.text.vListInitialiseItem)
    vListInsert                              0x08003f61   Thumb Code    58  list.o(.text.vListInsert)
    vListInsertEnd                           0x08003f9d   Thumb Code    28  list.o(.text.vListInsertEnd)
    vPortEnterCritical                       0x08003fcd   Thumb Code    70  port.o(.text.vPortEnterCritical)
    vPortExitCritical                        0x08004015   Thumb Code    46  port.o(.text.vPortExitCritical)
    vPortFree                                0x08004045   Thumb Code   208  heap_4.o(.text.vPortFree)
    vPortSetupTimerInterrupt                 0x08004115   Thumb Code    52  port.o(.text.vPortSetupTimerInterrupt)
    vTaskDelay                               0x08004149   Thumb Code   194  tasks.o(.text.vTaskDelay)
    vTaskStartScheduler                      0x0800420d   Thumb Code   120  tasks.o(.text.vTaskStartScheduler)
    vTaskSuspendAll                          0x0800428d   Thumb Code    16  tasks.o(.text.vTaskSuspendAll)
    vTaskSwitchContext                       0x0800429d   Thumb Code   134  tasks.o(.text.vTaskSwitchContext)
    xPortStartScheduler                      0x08004325   Thumb Code   302  port.o(.text.xPortStartScheduler)
    xTaskCreate                              0x08004455   Thumb Code   194  tasks.o(.text.xTaskCreate)
    xTaskCreateStatic                        0x08004519   Thumb Code   216  tasks.o(.text.xTaskCreateStatic)
    xTaskIncrementTick                       0x080045f1   Thumb Code   384  tasks.o(.text.xTaskIncrementTick)
    xTaskResumeAll                           0x08004771   Thumb Code   316  tasks.o(.text.xTaskResumeAll)
    __ARM_fpclassifyf                        0x080048ad   Thumb Code    38  fpclassifyf.o(i.__ARM_fpclassifyf)
    __hardfp_sinf                            0x080048d5   Thumb Code   344  sinf.o(i.__hardfp_sinf)
    __mathlib_flt_infnan                     0x08004a65   Thumb Code     6  funder.o(i.__mathlib_flt_infnan)
    __mathlib_flt_invalid                    0x08004a6d   Thumb Code    10  funder.o(i.__mathlib_flt_invalid)
    __mathlib_flt_underflow                  0x08004a7d   Thumb Code    10  funder.o(i.__mathlib_flt_underflow)
    __mathlib_rredf2                         0x08004a8d   Thumb Code   316  rredf.o(i.__mathlib_rredf2)
    _fp_init                                 0x08004be1   Thumb Code    26  fpinit.o(x$fpl$fpinit)
    __fplib_config_fpu_vfp                   0x08004bf9   Thumb Code     0  fpinit.o(x$fpl$fpinit)
    __fplib_config_pureend_doubles           0x08004bf9   Thumb Code     0  fpinit.o(x$fpl$fpinit)
    __I$use$fp                               0x08004bfa   Number         0  usenofp.o(x$fpl$usenofp)
    AHBPrescTable                            0x08004ca8   Data          16  system_stm32f4xx.o(.rodata.AHBPrescTable)
    APBPrescTable                            0x08004cb8   Data           8  system_stm32f4xx.o(.rodata.APBPrescTable)
    Region$$Table$$Base                      0x08004d0c   Number         0  anon$$obj.o(Region$$Table)
    Region$$Table$$Limit                     0x08004d2c   Number         0  anon$$obj.o(Region$$Table)
    SystemCoreClock                          0x20000000   Data           4  system_stm32f4xx.o(.data.SystemCoreClock)
    g_breathe_period_ms                      0x20000004   Data           2  can_irqhandler.o(.data.g_breathe_period_ms)
    uwTickFreq                               0x20000006   Data           1  stm32f4xx_hal.o(.data.uwTickFreq)
    uwTickPrio                               0x20000008   Data           4  stm32f4xx_hal.o(.data.uwTickPrio)
    __libspace_start                         0x20000018   Data          96  libspace.o(.bss)
    Beep_Trigger                             0x20000078   Data           1  exti_irqhandler.o(.bss.Beep_Trigger)
    __temporary_stack_top$libspace           0x20000078   Data           0  libspace.o(.bss)
    BreatheTaskHandle                        0x2000007c   Data           4  freertos.o(.bss.BreatheTaskHandle)
    Feedback100HzTaHandle                    0x20000084   Data           4  freertos.o(.bss.Feedback100HzTaHandle)
    Noise500HzTaskHandle                     0x2000008c   Data           4  freertos.o(.bss.Noise500HzTaskHandle)
    RxData                                   0x20000090   Data           8  can_irqhandler.o(.bss.RxData)
    RxHeader                                 0x20000098   Data          28  can_irqhandler.o(.bss.RxHeader)
    TxData                                   0x200000b4   Data           8  can_irqhandler.o(.bss.TxData)
    TxHeader                                 0x200000bc   Data          24  can_irqhandler.o(.bss.TxHeader)
    TxMailbox                                0x200000d4   Data           4  can_irqhandler.o(.bss.TxMailbox)
    WaterLedTaskHandle                       0x200000dc   Data           4  freertos.o(.bss.WaterLedTaskHandle)
    defaultTaskHandle                        0x200000e4   Data           4  freertos.o(.bss.defaultTaskHandle)
    g_beep_remaining_count                   0x200000e8   Data           1  can_irqhandler.o(.bss.g_beep_remaining_count)
    g_breathe_enable                         0x200000e9   Data           1  can_irqhandler.o(.bss.g_breathe_enable)
    hcan1                                    0x200000ec   Data          40  can.o(.bss.hcan1)
    hdma_usart1_rx                           0x20000114   Data          96  usart.o(.bss.hdma_usart1_rx)
    hdma_usart1_tx                           0x20000174   Data          96  usart.o(.bss.hdma_usart1_tx)
    htim2                                    0x200001d4   Data          72  tim.o(.bss.htim2)
    htim3                                    0x2000021c   Data          72  tim.o(.bss.htim3)
    htim7                                    0x20000264   Data          72  stm32f4xx_hal_timebase_tim.o(.bss.htim7)
    huart1                                   0x200002ac   Data          72  usart.o(.bss.huart1)
    key_flag                                 0x200002f4   Data           1  exti_irqhandler.o(.bss.key_flag)
    pxCurrentTCB                             0x200002f8   Data           4  tasks.o(.bss.pxCurrentTCB)
    rx_buffer                                0x20000394   Data         100  uart_irqhandler.o(.bss.rx_buffer)
    uwTick                                   0x20004004   Data           4  stm32f4xx_hal.o(.bss.uwTick)



==============================================================================

Memory Map of the image

  Image Entry point : 0x08000189

  Load Region LR_IROM1 (Base: 0x08000000, Size: 0x00004d48, Max: 0x00100000, ABSOLUTE)

    Execution Region ER_IROM1 (Exec base: 0x08000000, Load base: 0x08000000, Size: 0x00004d2c, Max: 0x00100000, ABSOLUTE)

    Exec Addr    Load Addr    Size         Type   Attr      Idx    E Section Name        Object

    0x08000000   0x08000000   0x00000188   Data   RO            3    RESET               startup_stm32f405xx.o
    0x08000188   0x08000188   0x00000008   Code   RO         1687  * !!!main             c_w.l(__main.o)
    0x08000190   0x08000190   0x00000034   Code   RO         1899    !!!scatter          c_w.l(__scatter.o)
    0x080001c4   0x080001c4   0x0000001a   Code   RO         1901    !!handler_copy      c_w.l(__scatter_copy.o)
    0x080001de   0x080001de   0x00000002   PAD
    0x080001e0   0x080001e0   0x0000001c   Code   RO         1903    !!handler_zi        c_w.l(__scatter_zi.o)
    0x080001fc   0x080001fc   0x00000002   Code   RO         1764    .ARM.Collect$$libinit$$00000000  c_w.l(libinit.o)
    0x080001fe   0x080001fe   0x00000004   Code   RO         1773    .ARM.Collect$$libinit$$00000001  c_w.l(libinit2.o)
    0x08000202   0x08000202   0x00000000   Code   RO         1776    .ARM.Collect$$libinit$$00000004  c_w.l(libinit2.o)
    0x08000202   0x08000202   0x00000000   Code   RO         1778    .ARM.Collect$$libinit$$00000006  c_w.l(libinit2.o)
    0x08000202   0x08000202   0x00000000   Code   RO         1781    .ARM.Collect$$libinit$$0000000C  c_w.l(libinit2.o)
    0x08000202   0x08000202   0x00000000   Code   RO         1783    .ARM.Collect$$libinit$$0000000E  c_w.l(libinit2.o)
    0x08000202   0x08000202   0x00000000   Code   RO         1785    .ARM.Collect$$libinit$$00000010  c_w.l(libinit2.o)
    0x08000202   0x08000202   0x00000000   Code   RO         1788    .ARM.Collect$$libinit$$00000013  c_w.l(libinit2.o)
    0x08000202   0x08000202   0x00000000   Code   RO         1790    .ARM.Collect$$libinit$$00000015  c_w.l(libinit2.o)
    0x08000202   0x08000202   0x00000000   Code   RO         1792    .ARM.Collect$$libinit$$00000017  c_w.l(libinit2.o)
    0x08000202   0x08000202   0x00000000   Code   RO         1794    .ARM.Collect$$libinit$$00000019  c_w.l(libinit2.o)
    0x08000202   0x08000202   0x00000000   Code   RO         1796    .ARM.Collect$$libinit$$0000001B  c_w.l(libinit2.o)
    0x08000202   0x08000202   0x00000000   Code   RO         1798    .ARM.Collect$$libinit$$0000001D  c_w.l(libinit2.o)
    0x08000202   0x08000202   0x00000000   Code   RO         1800    .ARM.Collect$$libinit$$0000001F  c_w.l(libinit2.o)
    0x08000202   0x08000202   0x00000000   Code   RO         1802    .ARM.Collect$$libinit$$00000021  c_w.l(libinit2.o)
    0x08000202   0x08000202   0x00000000   Code   RO         1804    .ARM.Collect$$libinit$$00000023  c_w.l(libinit2.o)
    0x08000202   0x08000202   0x00000000   Code   RO         1806    .ARM.Collect$$libinit$$00000025  c_w.l(libinit2.o)
    0x08000202   0x08000202   0x00000000   Code   RO         1808    .ARM.Collect$$libinit$$00000027  c_w.l(libinit2.o)
    0x08000202   0x08000202   0x00000000   Code   RO         1812    .ARM.Collect$$libinit$$0000002E  c_w.l(libinit2.o)
    0x08000202   0x08000202   0x00000000   Code   RO         1814    .ARM.Collect$$libinit$$00000030  c_w.l(libinit2.o)
    0x08000202   0x08000202   0x00000000   Code   RO         1816    .ARM.Collect$$libinit$$00000032  c_w.l(libinit2.o)
    0x08000202   0x08000202   0x00000000   Code   RO         1818    .ARM.Collect$$libinit$$00000034  c_w.l(libinit2.o)
    0x08000202   0x08000202   0x00000002   Code   RO         1819    .ARM.Collect$$libinit$$00000035  c_w.l(libinit2.o)
    0x08000204   0x08000204   0x00000002   Code   RO         1854    .ARM.Collect$$libshutdown$$00000000  c_w.l(libshutdown.o)
    0x08000206   0x08000206   0x00000000   Code   RO         1882    .ARM.Collect$$libshutdown$$00000002  c_w.l(libshutdown2.o)
    0x08000206   0x08000206   0x00000000   Code   RO         1884    .ARM.Collect$$libshutdown$$00000004  c_w.l(libshutdown2.o)
    0x08000206   0x08000206   0x00000000   Code   RO         1887    .ARM.Collect$$libshutdown$$00000007  c_w.l(libshutdown2.o)
    0x08000206   0x08000206   0x00000000   Code   RO         1890    .ARM.Collect$$libshutdown$$0000000A  c_w.l(libshutdown2.o)
    0x08000206   0x08000206   0x00000000   Code   RO         1892    .ARM.Collect$$libshutdown$$0000000C  c_w.l(libshutdown2.o)
    0x08000206   0x08000206   0x00000000   Code   RO         1895    .ARM.Collect$$libshutdown$$0000000F  c_w.l(libshutdown2.o)
    0x08000206   0x08000206   0x00000002   Code   RO         1896    .ARM.Collect$$libshutdown$$00000010  c_w.l(libshutdown2.o)
    0x08000208   0x08000208   0x00000000   Code   RO         1695    .ARM.Collect$$rtentry$$00000000  c_w.l(__rtentry.o)
    0x08000208   0x08000208   0x00000000   Code   RO         1727    .ARM.Collect$$rtentry$$00000002  c_w.l(__rtentry2.o)
    0x08000208   0x08000208   0x00000006   Code   RO         1739    .ARM.Collect$$rtentry$$00000004  c_w.l(__rtentry4.o)
    0x0800020e   0x0800020e   0x00000000   Code   RO         1729    .ARM.Collect$$rtentry$$00000009  c_w.l(__rtentry2.o)
    0x0800020e   0x0800020e   0x00000004   Code   RO         1730    .ARM.Collect$$rtentry$$0000000A  c_w.l(__rtentry2.o)
    0x08000212   0x08000212   0x00000000   Code   RO         1732    .ARM.Collect$$rtentry$$0000000C  c_w.l(__rtentry2.o)
    0x08000212   0x08000212   0x00000008   Code   RO         1733    .ARM.Collect$$rtentry$$0000000D  c_w.l(__rtentry2.o)
    0x0800021a   0x0800021a   0x00000002   Code   RO         1765    .ARM.Collect$$rtexit$$00000000  c_w.l(rtexit.o)
    0x0800021c   0x0800021c   0x00000000   Code   RO         1825    .ARM.Collect$$rtexit$$00000002  c_w.l(rtexit2.o)
    0x0800021c   0x0800021c   0x00000004   Code   RO         1826    .ARM.Collect$$rtexit$$00000003  c_w.l(rtexit2.o)
    0x08000220   0x08000220   0x00000006   Code   RO         1827    .ARM.Collect$$rtexit$$00000004  c_w.l(rtexit2.o)
    0x08000226   0x08000226   0x00000002   PAD
    0x08000228   0x08000228   0x00000040   Code   RO            4    .text               startup_stm32f405xx.o
    0x08000268   0x08000268   0x000000f0   Code   RO         1677    .text               c_w.l(lludivv7m.o)
    0x08000358   0x08000358   0x0000004e   Code   RO         1683    .text               c_w.l(rt_memclr_w.o)
    0x080003a6   0x080003a6   0x00000006   Code   RO         1685    .text               c_w.l(heapauxi.o)
    0x080003ac   0x080003ac   0x00000016   Code   RO         1700    .text               c_w.l(_rserrno.o)
    0x080003c2   0x080003c2   0x00000002   PAD
    0x080003c4   0x080003c4   0x00000008   Code   RO         1746    .text               c_w.l(rt_errno_addr_intlibspace.o)
    0x080003cc   0x080003cc   0x00000008   Code   RO         1748    .text               c_w.l(libspace.o)
    0x080003d4   0x080003d4   0x0000004a   Code   RO         1751    .text               c_w.l(sys_stackheap_outer.o)
    0x0800041e   0x0800041e   0x00000012   Code   RO         1753    .text               c_w.l(exit.o)
    0x08000430   0x08000430   0x0000000c   Code   RO         1820    .text               c_w.l(sys_exit.o)
    0x0800043c   0x0800043c   0x00000002   Code   RO         1843    .text               c_w.l(use_no_semi.o)
    0x0800043e   0x0800043e   0x00000000   Code   RO         1845    .text               c_w.l(indicate_semi.o)
    0x0800043e   0x0800043e   0x00000002   PAD
    0x08000440   0x08000440   0x00000040   Code   RO         1132    .text.Beep_Alarm    beep.o
    0x08000480   0x08000480   0x00000076   Code   RO         1130    .text.Beep_Init     beep.o
    0x080004f6   0x080004f6   0x00000002   PAD
    0x080004f8   0x080004f8   0x00000002   Code   RO          155    .text.BusFault_Handler  stm32f4xx_it.o
    0x080004fa   0x080004fa   0x00000002   PAD
    0x080004fc   0x080004fc   0x00000010   Code   RO          161    .text.CAN1_RX0_IRQHandler  stm32f4xx_it.o
    0x0800050c   0x0800050c   0x00000010   Code   RO          163    .text.CAN1_RX1_IRQHandler  stm32f4xx_it.o
    0x0800051c   0x0800051c   0x00000058   Code   RO         1209    .text.CAN_Send_Data  can_irqhandler.o
    0x08000574   0x08000574   0x00000010   Code   RO          173    .text.DMA2_Stream2_IRQHandler  stm32f4xx_it.o
    0x08000584   0x08000584   0x00000010   Code   RO          175    .text.DMA2_Stream7_IRQHandler  stm32f4xx_it.o
    0x08000594   0x08000594   0x00000002   Code   RO          159    .text.DebugMon_Handler  stm32f4xx_it.o
    0x08000596   0x08000596   0x00000002   PAD
    0x08000598   0x08000598   0x0000000c   Code   RO          169    .text.EXTI15_10_IRQHandler  stm32f4xx_it.o
    0x080005a4   0x080005a4   0x00000006   Code   RO           30    .text.Error_Handler  main.o
    0x080005aa   0x080005aa   0x00000002   PAD
    0x080005ac   0x080005ac   0x000000c0   Code   RO         1156    .text.FSM_Process   fsm.o
    0x0800066c   0x0800066c   0x00000026   Code   RO          242    .text.HAL_CAN_ActivateNotification  stm32f4xx_hal_can.o
    0x08000692   0x08000692   0x00000002   PAD
    0x08000694   0x08000694   0x00000092   Code   RO          228    .text.HAL_CAN_AddTxMessage  stm32f4xx_hal_can.o
    0x08000726   0x08000726   0x00000002   PAD
    0x08000728   0x08000728   0x000000de   Code   RO          218    .text.HAL_CAN_ConfigFilter  stm32f4xx_hal_can.o
    0x08000806   0x08000806   0x00000002   PAD
    0x08000808   0x08000808   0x00000002   Code   RO          272    .text.HAL_CAN_ErrorCallback  stm32f4xx_hal_can.o
    0x0800080a   0x0800080a   0x00000002   PAD
    0x0800080c   0x0800080c   0x00000124   Code   RO          238    .text.HAL_CAN_GetRxMessage  stm32f4xx_hal_can.o
    0x08000930   0x08000930   0x00000028   Code   RO          232    .text.HAL_CAN_GetTxMailboxesFreeLevel  stm32f4xx_hal_can.o
    0x08000958   0x08000958   0x0000023a   Code   RO          246    .text.HAL_CAN_IRQHandler  stm32f4xx_hal_can.o
    0x08000b92   0x08000b92   0x00000002   PAD
    0x08000b94   0x08000b94   0x000000f4   Code   RO          208    .text.HAL_CAN_Init  stm32f4xx_hal_can.o
    0x08000c88   0x08000c88   0x00000094   Code   RO           90    .text.HAL_CAN_MspInit  can.o
    0x08000d1c   0x08000d1c   0x00000002   Code   RO          260    .text.HAL_CAN_RxFifo0FullCallback  stm32f4xx_hal_can.o
    0x08000d1e   0x08000d1e   0x00000002   PAD
    0x08000d20   0x08000d20   0x0000007a   Code   RO         1211    .text.HAL_CAN_RxFifo0MsgPendingCallback  can_irqhandler.o
    0x08000d9a   0x08000d9a   0x00000002   PAD
    0x08000d9c   0x08000d9c   0x00000002   Code   RO          264    .text.HAL_CAN_RxFifo1FullCallback  stm32f4xx_hal_can.o
    0x08000d9e   0x08000d9e   0x00000002   PAD
    0x08000da0   0x08000da0   0x00000002   Code   RO          266    .text.HAL_CAN_RxFifo1MsgPendingCallback  stm32f4xx_hal_can.o
    0x08000da2   0x08000da2   0x00000002   PAD
    0x08000da4   0x08000da4   0x00000002   Code   RO          268    .text.HAL_CAN_SleepCallback  stm32f4xx_hal_can.o
    0x08000da6   0x08000da6   0x00000002   PAD
    0x08000da8   0x08000da8   0x0000005a   Code   RO          220    .text.HAL_CAN_Start  stm32f4xx_hal_can.o
    0x08000e02   0x08000e02   0x00000002   PAD
    0x08000e04   0x08000e04   0x00000002   Code   RO          250    .text.HAL_CAN_TxMailbox0AbortCallback  stm32f4xx_hal_can.o
    0x08000e06   0x08000e06   0x00000002   PAD
    0x08000e08   0x08000e08   0x00000002   Code   RO          248    .text.HAL_CAN_TxMailbox0CompleteCallback  stm32f4xx_hal_can.o
    0x08000e0a   0x08000e0a   0x00000002   PAD
    0x08000e0c   0x08000e0c   0x00000002   Code   RO          254    .text.HAL_CAN_TxMailbox1AbortCallback  stm32f4xx_hal_can.o
    0x08000e0e   0x08000e0e   0x00000002   PAD
    0x08000e10   0x08000e10   0x00000002   Code   RO          252    .text.HAL_CAN_TxMailbox1CompleteCallback  stm32f4xx_hal_can.o
    0x08000e12   0x08000e12   0x00000002   PAD
    0x08000e14   0x08000e14   0x00000002   Code   RO          258    .text.HAL_CAN_TxMailbox2AbortCallback  stm32f4xx_hal_can.o
    0x08000e16   0x08000e16   0x00000002   PAD
    0x08000e18   0x08000e18   0x00000002   Code   RO          256    .text.HAL_CAN_TxMailbox2CompleteCallback  stm32f4xx_hal_can.o
    0x08000e1a   0x08000e1a   0x00000002   PAD
    0x08000e1c   0x08000e1c   0x00000002   Code   RO          270    .text.HAL_CAN_WakeUpFromRxMsgCallback  stm32f4xx_hal_can.o
    0x08000e1e   0x08000e1e   0x00000002   PAD
    0x08000e20   0x08000e20   0x00000080   Code   RO          444    .text.HAL_DMA_Abort  stm32f4xx_hal_dma.o
    0x08000ea0   0x08000ea0   0x00000024   Code   RO          446    .text.HAL_DMA_Abort_IT  stm32f4xx_hal_dma.o
    0x08000ec4   0x08000ec4   0x0000018a   Code   RO          450    .text.HAL_DMA_IRQHandler  stm32f4xx_hal_dma.o
    0x0800104e   0x0800104e   0x00000002   PAD
    0x08001050   0x08001050   0x00000140   Code   RO          436    .text.HAL_DMA_Init  stm32f4xx_hal_dma.o
    0x08001190   0x08001190   0x0000009c   Code   RO          442    .text.HAL_DMA_Start_IT  stm32f4xx_hal_dma.o
    0x0800122c   0x0800122c   0x00000028   Code   RO          603    .text.HAL_Delay     stm32f4xx_hal.o
    0x08001254   0x08001254   0x00000066   Code   RO         1168    .text.HAL_GPIO_EXTI_Callback  exti_irqhandler.o
    0x080012ba   0x080012ba   0x00000002   PAD
    0x080012bc   0x080012bc   0x0000001a   Code   RO          410    .text.HAL_GPIO_EXTI_IRQHandler  stm32f4xx_hal_gpio.o
    0x080012d6   0x080012d6   0x00000002   PAD
    0x080012d8   0x080012d8   0x000001a0   Code   RO          398    .text.HAL_GPIO_Init  stm32f4xx_hal_gpio.o
    0x08001478   0x08001478   0x0000000a   Code   RO          402    .text.HAL_GPIO_ReadPin  stm32f4xx_hal_gpio.o
    0x08001482   0x08001482   0x00000002   PAD
    0x08001484   0x08001484   0x0000000a   Code   RO          404    .text.HAL_GPIO_WritePin  stm32f4xx_hal_gpio.o
    0x0800148e   0x0800148e   0x00000002   PAD
    0x08001490   0x08001490   0x0000000c   Code   RO          595    .text.HAL_GetTick   stm32f4xx_hal.o
    0x0800149c   0x0800149c   0x0000001a   Code   RO          593    .text.HAL_IncTick   stm32f4xx_hal.o
    0x080014b6   0x080014b6   0x00000002   PAD
    0x080014b8   0x080014b8   0x00000036   Code   RO          583    .text.HAL_Init      stm32f4xx_hal.o
    0x080014ee   0x080014ee   0x00000002   PAD
    0x080014f0   0x080014f0   0x000000ae   Code   RO          193    .text.HAL_InitTick  stm32f4xx_hal_timebase_tim.o
    0x0800159e   0x0800159e   0x00000002   PAD
    0x080015a0   0x080015a0   0x00000046   Code   RO          184    .text.HAL_MspInit   stm32f4xx_hal_msp.o
    0x080015e6   0x080015e6   0x00000002   PAD
    0x080015e8   0x080015e8   0x00000020   Code   RO          535    .text.HAL_NVIC_EnableIRQ  stm32f4xx_hal_cortex.o
    0x08001608   0x08001608   0x00000056   Code   RO          533    .text.HAL_NVIC_SetPriority  stm32f4xx_hal_cortex.o
    0x0800165e   0x0800165e   0x00000002   PAD
    0x08001660   0x08001660   0x00000020   Code   RO          531    .text.HAL_NVIC_SetPriorityGrouping  stm32f4xx_hal_cortex.o
    0x08001680   0x08001680   0x00000160   Code   RO          292    .text.HAL_RCC_ClockConfig  stm32f4xx_hal_rcc.o
    0x080017e0   0x080017e0   0x0000003e   Code   RO          310    .text.HAL_RCC_GetClockConfig  stm32f4xx_hal_rcc.o
    0x0800181e   0x0800181e   0x00000002   PAD
    0x08001820   0x08001820   0x00000026   Code   RO          304    .text.HAL_RCC_GetPCLK1Freq  stm32f4xx_hal_rcc.o
    0x08001846   0x08001846   0x00000002   PAD
    0x08001848   0x08001848   0x00000026   Code   RO          306    .text.HAL_RCC_GetPCLK2Freq  stm32f4xx_hal_rcc.o
    0x0800186e   0x0800186e   0x00000002   PAD
    0x08001870   0x08001870   0x00000068   Code   RO          294    .text.HAL_RCC_GetSysClockFreq  stm32f4xx_hal_rcc.o
    0x080018d8   0x080018d8   0x00000348   Code   RO          290    .text.HAL_RCC_OscConfig  stm32f4xx_hal_rcc.o
    0x08001c20   0x08001c20   0x00000002   Code   RO          979    .text.HAL_TIMEx_BreakCallback  stm32f4xx_hal_tim_ex.o
    0x08001c22   0x08001c22   0x00000002   PAD
    0x08001c24   0x08001c24   0x00000002   Code   RO          975    .text.HAL_TIMEx_CommutCallback  stm32f4xx_hal_tim_ex.o
    0x08001c26   0x08001c26   0x00000002   PAD
    0x08001c28   0x08001c28   0x000000b8   Code   RO          969    .text.HAL_TIMEx_MasterConfigSynchronization  stm32f4xx_hal_tim_ex.o
    0x08001ce0   0x08001ce0   0x0000005a   Code   RO          674    .text.HAL_TIM_Base_Init  stm32f4xx_hal_tim.o
    0x08001d3a   0x08001d3a   0x00000002   PAD
    0x08001d3c   0x08001d3c   0x0000006c   Code   RO          118    .text.HAL_TIM_Base_MspInit  tim.o
    0x08001da8   0x08001da8   0x000000a8   Code   RO          688    .text.HAL_TIM_Base_Start_IT  stm32f4xx_hal_tim.o
    0x08001e50   0x08001e50   0x0000019c   Code   RO          854    .text.HAL_TIM_ConfigClockSource  stm32f4xx_hal_tim.o
    0x08001fec   0x08001fec   0x00000002   Code   RO          810    .text.HAL_TIM_IC_CaptureCallback  stm32f4xx_hal_tim.o
    0x08001fee   0x08001fee   0x00000002   PAD
    0x08001ff0   0x08001ff0   0x00000146   Code   RO          808    .text.HAL_TIM_IRQHandler  stm32f4xx_hal_tim.o
    0x08002136   0x08002136   0x00000002   PAD
    0x08002138   0x08002138   0x00000002   Code   RO          812    .text.HAL_TIM_OC_DelayElapsedCallback  stm32f4xx_hal_tim.o
    0x0800213a   0x0800213a   0x00000002   PAD
    0x0800213c   0x0800213c   0x00000216   Code   RO          828    .text.HAL_TIM_PWM_ConfigChannel  stm32f4xx_hal_tim.o
    0x08002352   0x08002352   0x00000002   PAD
    0x08002354   0x08002354   0x0000005a   Code   RO          728    .text.HAL_TIM_PWM_Init  stm32f4xx_hal_tim.o
    0x080023ae   0x080023ae   0x00000002   PAD
    0x080023b0   0x080023b0   0x00000002   Code   RO          730    .text.HAL_TIM_PWM_MspInit  stm32f4xx_hal_tim.o
    0x080023b2   0x080023b2   0x00000002   PAD
    0x080023b4   0x080023b4   0x00000002   Code   RO          814    .text.HAL_TIM_PWM_PulseFinishedCallback  stm32f4xx_hal_tim.o
    0x080023b6   0x080023b6   0x00000002   PAD
    0x080023b8   0x080023b8   0x0000012e   Code   RO          736    .text.HAL_TIM_PWM_Start  stm32f4xx_hal_tim.o
    0x080024e6   0x080024e6   0x00000002   PAD
    0x080024e8   0x080024e8   0x00000016   Code   RO           32    .text.HAL_TIM_PeriodElapsedCallback  main.o
    0x080024fe   0x080024fe   0x00000002   PAD
    0x08002500   0x08002500   0x00000002   Code   RO          818    .text.HAL_TIM_TriggerCallback  stm32f4xx_hal_tim.o
    0x08002502   0x08002502   0x00000002   PAD
    0x08002504   0x08002504   0x0000005c   Code   RO         1041    .text.HAL_UARTEx_ReceiveToIdle_DMA  stm32f4xx_hal_uart.o
    0x08002560   0x08002560   0x00000066   Code   RO         1197    .text.HAL_UARTEx_RxEventCallback  uart_irqhandler.o
    0x080025c6   0x080025c6   0x00000002   PAD
    0x080025c8   0x080025c8   0x00000002   Code   RO         1077    .text.HAL_UART_ErrorCallback  stm32f4xx_hal_uart.o
    0x080025ca   0x080025ca   0x00000002   PAD
    0x080025cc   0x080025cc   0x0000030e   Code   RO         1071    .text.HAL_UART_IRQHandler  stm32f4xx_hal_uart.o
    0x080028da   0x080028da   0x00000002   PAD
    0x080028dc   0x080028dc   0x00000060   Code   RO          993    .text.HAL_UART_Init  stm32f4xx_hal_uart.o
    0x0800293c   0x0800293c   0x00000124   Code   RO          134    .text.HAL_UART_MspInit  usart.o
    0x08002a60   0x08002a60   0x0000002c   Code   RO         1027    .text.HAL_UART_Receive_DMA  stm32f4xx_hal_uart.o
    0x08002a8c   0x08002a8c   0x00000058   Code   RO         1195    .text.HAL_UART_RxCpltCallback  uart_irqhandler.o
    0x08002ae4   0x08002ae4   0x00000002   Code   RO         1087    .text.HAL_UART_RxHalfCpltCallback  stm32f4xx_hal_uart.o
    0x08002ae6   0x08002ae6   0x00000002   PAD
    0x08002ae8   0x08002ae8   0x000000ee   Code   RO         1009    .text.HAL_UART_Transmit  stm32f4xx_hal_uart.o
    0x08002bd6   0x08002bd6   0x00000002   PAD
    0x08002bd8   0x08002bd8   0x00000002   Code   RO         1081    .text.HAL_UART_TxCpltCallback  stm32f4xx_hal_uart.o
    0x08002bda   0x08002bda   0x00000002   PAD
    0x08002bdc   0x08002bdc   0x00000002   Code   RO          151    .text.HardFault_Handler  stm32f4xx_it.o
    0x08002bde   0x08002bde   0x00000002   PAD
    0x08002be0   0x08002be0   0x0000004a   Code   RO         1142    .text.Led_Water     led.o
    0x08002c2a   0x08002c2a   0x00000002   PAD
    0x08002c2c   0x08002c2c   0x000000a6   Code   RO           88    .text.MX_CAN1_Init  can.o
    0x08002cd2   0x08002cd2   0x00000002   PAD
    0x08002cd4   0x08002cd4   0x00000046   Code   RO          103    .text.MX_DMA_Init   dma.o
    0x08002d1a   0x08002d1a   0x00000002   PAD
    0x08002d1c   0x08002d1c   0x00000104   Code   RO           55    .text.MX_FREERTOS_Init  freertos.o
    0x08002e20   0x08002e20   0x000000ac   Code   RO           44    .text.MX_GPIO_Init  gpio.o
    0x08002ecc   0x08002ecc   0x0000008c   Code   RO          112    .text.MX_TIM2_Init  tim.o
    0x08002f58   0x08002f58   0x00000136   Code   RO          114    .text.MX_TIM3_Init  tim.o
    0x0800308e   0x0800308e   0x00000002   PAD
    0x08003090   0x08003090   0x00000038   Code   RO          132    .text.MX_USART1_UART_Init  usart.o
    0x080030c8   0x080030c8   0x00000002   Code   RO          153    .text.MemManage_Handler  stm32f4xx_it.o
    0x080030ca   0x080030ca   0x00000002   PAD
    0x080030cc   0x080030cc   0x00000002   Code   RO          149    .text.NMI_Handler   stm32f4xx_it.o
    0x080030ce   0x080030ce   0x00000002   PAD
    0x080030d0   0x080030d0   0x00000064   Code   RO         1659    .text.PendSV_Handler  port.o
    0x08003134   0x08003134   0x0000000c   PAD
    0x08003140   0x08003140   0x00000024   Code   RO         1643    .text.SVC_Handler   port.o
    0x08003164   0x08003164   0x00000086   Code   RO           61    .text.StartBreatheTask  freertos.o
    0x080031ea   0x080031ea   0x00000002   PAD
    0x080031ec   0x080031ec   0x00000008   Code   RO           57    .text.StartDefaultTask  freertos.o
    0x080031f4   0x080031f4   0x000000b0   Code   RO           63    .text.StartFeedback100HzTask  freertos.o
    0x080032a4   0x080032a4   0x0000005e   Code   RO           65    .text.StartNoise500HzTask  freertos.o
    0x08003302   0x08003302   0x00000002   PAD
    0x08003304   0x08003304   0x0000006a   Code   RO           59    .text.StartWaterLedTask  freertos.o
    0x0800336e   0x0800336e   0x00000002   PAD
    0x08003370   0x08003370   0x0000002e   Code   RO         1661    .text.SysTick_Handler  port.o
    0x0800339e   0x0800339e   0x00000002   PAD
    0x080033a0   0x080033a0   0x000000aa   Code   RO           28    .text.SystemClock_Config  main.o
    0x0800344a   0x0800344a   0x00000002   PAD
    0x0800344c   0x0800344c   0x00000012   Code   RO         1115    .text.SystemInit    system_stm32f4xx.o
    0x0800345e   0x0800345e   0x00000002   PAD
    0x08003460   0x08003460   0x00000010   Code   RO          165    .text.TIM2_IRQHandler  stm32f4xx_it.o
    0x08003470   0x08003470   0x00000010   Code   RO          171    .text.TIM7_IRQHandler  stm32f4xx_it.o
    0x08003480   0x08003480   0x0000012c   Code   RO          678    .text.TIM_Base_SetConfig  stm32f4xx_hal_tim.o
    0x080035ac   0x080035ac   0x0000000e   Code   RO         1075    .text.UART_DMAAbortOnError  stm32f4xx_hal_uart.o
    0x080035ba   0x080035ba   0x00000002   PAD
    0x080035bc   0x080035bc   0x000000a8   Code   RO         1025    .text.UART_DMAError  stm32f4xx_hal_uart.o
    0x08003664   0x08003664   0x00000084   Code   RO         1103    .text.UART_DMAReceiveCplt  stm32f4xx_hal_uart.o
    0x080036e8   0x080036e8   0x0000001e   Code   RO         1105    .text.UART_DMARxHalfCplt  stm32f4xx_hal_uart.o
    0x08003706   0x08003706   0x00000002   PAD
    0x08003708   0x08003708   0x000000c8   Code   RO         1073    .text.UART_Receive_IT  stm32f4xx_hal_uart.o
    0x080037d0   0x080037d0   0x000000de   Code   RO          997    .text.UART_SetConfig  stm32f4xx_hal_uart.o
    0x080038ae   0x080038ae   0x00000002   PAD
    0x080038b0   0x080038b0   0x000000aa   Code   RO         1029    .text.UART_Start_Receive_DMA  stm32f4xx_hal_uart.o
    0x0800395a   0x0800395a   0x00000002   PAD
    0x0800395c   0x0800395c   0x00000010   Code   RO          167    .text.USART1_IRQHandler  stm32f4xx_it.o
    0x0800396c   0x0800396c   0x00000002   Code   RO          157    .text.UsageFault_Handler  stm32f4xx_it.o
    0x0800396e   0x0800396e   0x00000002   PAD
    0x08003970   0x08003970   0x00000088   Code   RO           13    .text.VOFA_SendTask  vofa.o
    0x080039f8   0x080039f8   0x0000008c   Code   RO           26    .text.main          main.o
    0x08003a84   0x08003a84   0x00000010   Code   RO         1515    .text.osDelay       cmsis_os.o
    0x08003a94   0x08003a94   0x0000000a   Code   RO         1497    .text.osKernelStart  cmsis_os.o
    0x08003a9e   0x08003a9e   0x00000002   PAD
    0x08003aa0   0x08003aa0   0x0000005e   Code   RO         1503    .text.osThreadCreate  cmsis_os.o
    0x08003afe   0x08003afe   0x00000002   PAD
    0x08003b00   0x08003b00   0x0000011a   Code   RO         1377    .text.prvAddNewTaskToReadyList  tasks.o
    0x08003c1a   0x08003c1a   0x00000002   PAD
    0x08003c1c   0x08003c1c   0x00000096   Code   RO         1407    .text.prvIdleTask   tasks.o
    0x08003cb2   0x08003cb2   0x00000002   PAD
    0x08003cb4   0x08003cb4   0x00000028   Code   RO         1651    .text.prvPortStartFirstTask  port.o
    0x08003cdc   0x08003cdc   0x00000032   Code   RO         1641    .text.prvTaskExitError  port.o
    0x08003d0e   0x08003d0e   0x00000002   PAD
    0x08003d10   0x08003d10   0x000001c6   Code   RO         1611    .text.pvPortMalloc  heap_4.o
    0x08003ed6   0x08003ed6   0x00000002   PAD
    0x08003ed8   0x08003ed8   0x00000028   Code   RO         1639    .text.pxPortInitialiseStack  port.o
    0x08003f00   0x08003f00   0x00000024   Code   RO         1266    .text.uxListRemove  list.o
    0x08003f24   0x08003f24   0x0000001a   Code   RO           53    .text.vApplicationGetIdleTaskMemory  freertos.o
    0x08003f3e   0x08003f3e   0x00000002   PAD
    0x08003f40   0x08003f40   0x00000016   Code   RO         1258    .text.vListInitialise  list.o
    0x08003f56   0x08003f56   0x00000002   PAD
    0x08003f58   0x08003f58   0x00000006   Code   RO         1260    .text.vListInitialiseItem  list.o
    0x08003f5e   0x08003f5e   0x00000002   PAD
    0x08003f60   0x08003f60   0x0000003a   Code   RO         1264    .text.vListInsert   list.o
    0x08003f9a   0x08003f9a   0x00000002   PAD
    0x08003f9c   0x08003f9c   0x0000001c   Code   RO         1262    .text.vListInsertEnd  list.o
    0x08003fb8   0x08003fb8   0x00000014   Code   RO         1649    .text.vPortEnableVFP  port.o
    0x08003fcc   0x08003fcc   0x00000046   Code   RO         1655    .text.vPortEnterCritical  port.o
    0x08004012   0x08004012   0x00000002   PAD
    0x08004014   0x08004014   0x0000002e   Code   RO         1657    .text.vPortExitCritical  port.o
    0x08004042   0x08004042   0x00000002   PAD
    0x08004044   0x08004044   0x000000d0   Code   RO         1613    .text.vPortFree     heap_4.o
    0x08004114   0x08004114   0x00000034   Code   RO         1647    .text.vPortSetupTimerInterrupt  port.o
    0x08004148   0x08004148   0x000000c2   Code   RO         1383    .text.vTaskDelay    tasks.o
    0x0800420a   0x0800420a   0x00000002   PAD
    0x0800420c   0x0800420c   0x00000080   Code   RO         1405    .text.vTaskStartScheduler  tasks.o
    0x0800428c   0x0800428c   0x00000010   Code   RO         1385    .text.vTaskSuspendAll  tasks.o
    0x0800429c   0x0800429c   0x00000086   Code   RO         1399    .text.vTaskSwitchContext  tasks.o
    0x08004322   0x08004322   0x00000002   PAD
    0x08004324   0x08004324   0x0000012e   Code   RO         1645    .text.xPortStartScheduler  port.o
    0x08004452   0x08004452   0x00000002   PAD
    0x08004454   0x08004454   0x000000c2   Code   RO         1379    .text.xTaskCreate   tasks.o
    0x08004516   0x08004516   0x00000002   PAD
    0x08004518   0x08004518   0x000000d8   Code   RO         1375    .text.xTaskCreateStatic  tasks.o
    0x080045f0   0x080045f0   0x00000180   Code   RO         1411    .text.xTaskIncrementTick  tasks.o
    0x08004770   0x08004770   0x0000013c   Code   RO         1389    .text.xTaskResumeAll  tasks.o
    0x080048ac   0x080048ac   0x00000026   Code   RO         1707    i.__ARM_fpclassifyf  m_wm.l(fpclassifyf.o)
    0x080048d2   0x080048d2   0x00000002   PAD
    0x080048d4   0x080048d4   0x00000190   Code   RO         1689    i.__hardfp_sinf     m_wm.l(sinf.o)
    0x08004a64   0x08004a64   0x00000006   Code   RO         1710    i.__mathlib_flt_infnan  m_wm.l(funder.o)
    0x08004a6a   0x08004a6a   0x00000002   PAD
    0x08004a6c   0x08004a6c   0x00000010   Code   RO         1712    i.__mathlib_flt_invalid  m_wm.l(funder.o)
    0x08004a7c   0x08004a7c   0x00000010   Code   RO         1715    i.__mathlib_flt_underflow  m_wm.l(funder.o)
    0x08004a8c   0x08004a8c   0x00000154   Code   RO         1723    i.__mathlib_rredf2  m_wm.l(rredf.o)
    0x08004be0   0x08004be0   0x0000001a   Code   RO         1837    x$fpl$fpinit        fz_wm.l(fpinit.o)
    0x08004bfa   0x08004bfa   0x00000000   Code   RO         1706    x$fpl$usenofp       fz_wm.l(usenofp.o)
    0x08004bfa   0x08004bfa   0x00000002   PAD
    0x08004bfc   0x08004bfc   0x00000020   Data   RO         1724    .constdata          m_wm.l(rredf.o)
    0x08004c1c   0x08004c1c   0x0000001c   Data   RO           74    .rodata..L__const.MX_FREERTOS_Init.os_thread_def_BreatheTask  freertos.o
    0x08004c38   0x08004c38   0x0000001c   Data   RO           76    .rodata..L__const.MX_FREERTOS_Init.os_thread_def_Feedback100HzTa  freertos.o
    0x08004c54   0x08004c54   0x0000001c   Data   RO           78    .rodata..L__const.MX_FREERTOS_Init.os_thread_def_Noise500HzTask  freertos.o
    0x08004c70   0x08004c70   0x0000001c   Data   RO           72    .rodata..L__const.MX_FREERTOS_Init.os_thread_def_WaterLedTask  freertos.o
    0x08004c8c   0x08004c8c   0x0000001c   Data   RO           70    .rodata..L__const.MX_FREERTOS_Init.os_thread_def_defaultTask  freertos.o
    0x08004ca8   0x08004ca8   0x00000010   Data   RO         1120    .rodata.AHBPrescTable  system_stm32f4xx.o
    0x08004cb8   0x08004cb8   0x00000008   Data   RO         1121    .rodata.APBPrescTable  system_stm32f4xx.o
    0x08004cc0   0x08004cc0   0x00000008   Data   RO          460    .rodata.cst8        stm32f4xx_hal_dma.o
    0x08004cc8   0x08004cc8   0x00000044   Data   RO           69    .rodata.str1.1      freertos.o
    0x08004d0c   0x08004d0c   0x00000020   Data   RO         1898    Region$$Table       anon$$obj.o


    Execution Region RW_IRAM1 (Exec base: 0x20000000, Load base: 0x08004d30, Size: 0x00004f10, Max: 0x0001c000, ABSOLUTE)

    Exec Addr    Load Addr    Size         Type   Attr      Idx    E Section Name        Object

    0x20000000   0x08004d30   0x00000004   Data   RW         1119    .data.SystemCoreClock  system_stm32f4xx.o
    0x20000004   0x08004d34   0x00000002   Data   RW         1214    .data.g_breathe_period_ms  can_irqhandler.o
    0x20000006   0x08004d36   0x00000001   Data   RW          638    .data.uwTickFreq    stm32f4xx_hal.o
    0x20000007   0x08004d37   0x00000001   PAD
    0x20000008   0x08004d38   0x00000004   Data   RW          637    .data.uwTickPrio    stm32f4xx_hal.o
    0x2000000c   0x08004d3c   0x00000004   Data   RW         1667    .data.uxCriticalNesting  port.o
    0x20000010   0x08004d40   0x00000008   Data   RW           18    .data.vofa_frame    vofa.o
    0x20000018        -       0x00000060   Zero   RW         1749    .bss                c_w.l(libspace.o)
    0x20000078        -       0x00000001   Zero   RW         1170    .bss.Beep_Trigger   exti_irqhandler.o
    0x20000079   0x08004d48   0x00000003   PAD
    0x2000007c        -       0x00000004   Zero   RW           75    .bss.BreatheTaskHandle  freertos.o
    0x20000080        -       0x00000004   Zero   RW         1159    .bss.FSM_Process.last_can_time  fsm.o
    0x20000084        -       0x00000004   Zero   RW           77    .bss.Feedback100HzTaHandle  freertos.o
    0x20000088        -       0x00000004   Zero   RW         1172    .bss.HAL_GPIO_EXTI_Callback.press_time  exti_irqhandler.o
    0x2000008c        -       0x00000004   Zero   RW           79    .bss.Noise500HzTaskHandle  freertos.o
    0x20000090        -       0x00000008   Zero   RW         1220    .bss.RxData         can_irqhandler.o
    0x20000098        -       0x0000001c   Zero   RW         1219    .bss.RxHeader       can_irqhandler.o
    0x200000b4        -       0x00000008   Zero   RW         1217    .bss.TxData         can_irqhandler.o
    0x200000bc        -       0x00000018   Zero   RW         1216    .bss.TxHeader       can_irqhandler.o
    0x200000d4        -       0x00000004   Zero   RW         1218    .bss.TxMailbox      can_irqhandler.o
    0x200000d8        -       0x00000004   Zero   RW           16    .bss.VOFA_SendTask.last_vofa_time  vofa.o
    0x200000dc        -       0x00000004   Zero   RW           73    .bss.WaterLedTaskHandle  freertos.o
    0x200000e0        -       0x00000001   Zero   RW         1158    .bss.current_mode   fsm.o
    0x200000e1   0x08004d48   0x00000003   PAD
    0x200000e4        -       0x00000004   Zero   RW           71    .bss.defaultTaskHandle  freertos.o
    0x200000e8        -       0x00000001   Zero   RW         1215    .bss.g_beep_remaining_count  can_irqhandler.o
    0x200000e9        -       0x00000001   Zero   RW         1213    .bss.g_breathe_enable  can_irqhandler.o
    0x200000ea   0x08004d48   0x00000002   PAD
    0x200000ec        -       0x00000028   Zero   RW           94    .bss.hcan1          can.o
    0x20000114        -       0x00000060   Zero   RW          140    .bss.hdma_usart1_rx  usart.o
    0x20000174        -       0x00000060   Zero   RW          139    .bss.hdma_usart1_tx  usart.o
    0x200001d4        -       0x00000048   Zero   RW          122    .bss.htim2          tim.o
    0x2000021c        -       0x00000048   Zero   RW          123    .bss.htim3          tim.o
    0x20000264        -       0x00000048   Zero   RW          199    .bss.htim7          stm32f4xx_hal_timebase_tim.o
    0x200002ac        -       0x00000048   Zero   RW          138    .bss.huart1         usart.o
    0x200002f4        -       0x00000001   Zero   RW         1171    .bss.key_flag       exti_irqhandler.o
    0x200002f5   0x08004d48   0x00000003   PAD
    0x200002f8        -       0x00000004   Zero   RW         1467    .bss.pxCurrentTCB   tasks.o
    0x200002fc        -       0x00000004   Zero   RW         1483    .bss.pxDelayedTaskList  tasks.o
    0x20000300        -       0x00000004   Zero   RW         1623    .bss.pxEnd          heap_4.o
    0x20000304        -       0x00000004   Zero   RW         1484    .bss.pxOverflowDelayedTaskList  tasks.o
    0x20000308        -       0x0000008c   Zero   RW         1468    .bss.pxReadyTasksLists  tasks.o
    0x20000394        -       0x00000064   Zero   RW         1199    .bss.rx_buffer      uart_irqhandler.o
    0x200003f8        -       0x00000004   Zero   RW           17    .bss.sine_angle     vofa.o
    0x200003fc        -       0x00003c00   Zero   RW         1630    .bss.ucHeap         heap_4.o
    0x20003ffc        -       0x00000001   Zero   RW         1665    .bss.ucMaxSysCallPriority  port.o
    0x20003ffd   0x08004d48   0x00000003   PAD
    0x20004000        -       0x00000004   Zero   RW         1666    .bss.ulMaxPRIGROUPValue  port.o
    0x20004004        -       0x00000004   Zero   RW          639    .bss.uwTick         stm32f4xx_hal.o
    0x20004008        -       0x00000004   Zero   RW         1473    .bss.uxCurrentNumberOfTasks  tasks.o
    0x2000400c        -       0x00000004   Zero   RW         1472    .bss.uxDeletedTasksWaitingCleanUp  tasks.o
    0x20004010        -       0x00000004   Zero   RW         1475    .bss.uxSchedulerSuspended  tasks.o
    0x20004014        -       0x00000004   Zero   RW         1470    .bss.uxTaskNumber   tasks.o
    0x20004018        -       0x00000004   Zero   RW         1469    .bss.uxTopReadyPriority  tasks.o
    0x2000401c        -       0x00000001   Zero   RW         1624    .bss.xBlockAllocatedBit  heap_4.o
    0x2000401d   0x08004d48   0x00000003   PAD
    0x20004020        -       0x00000014   Zero   RW         1486    .bss.xDelayedTaskList1  tasks.o
    0x20004034        -       0x00000014   Zero   RW         1487    .bss.xDelayedTaskList2  tasks.o
    0x20004048        -       0x00000004   Zero   RW         1625    .bss.xFreeBytesRemaining  heap_4.o
    0x2000404c        -       0x00000200   Zero   RW           68    .bss.xIdleStack     freertos.o
    0x2000424c        -       0x00000004   Zero   RW         1478    .bss.xIdleTaskHandle  tasks.o
    0x20004250        -       0x00000054   Zero   RW           67    .bss.xIdleTaskTCBBuffer  freertos.o
    0x200042a4        -       0x00000004   Zero   RW         1627    .bss.xMinimumEverFreeBytesRemaining  heap_4.o
    0x200042a8        -       0x00000004   Zero   RW         1479    .bss.xNextTaskUnblockTime  tasks.o
    0x200042ac        -       0x00000004   Zero   RW         1485    .bss.xNumOfOverflows  tasks.o
    0x200042b0        -       0x00000004   Zero   RW         1628    .bss.xNumberOfSuccessfulAllocations  heap_4.o
    0x200042b4        -       0x00000004   Zero   RW         1629    .bss.xNumberOfSuccessfulFrees  heap_4.o
    0x200042b8        -       0x00000004   Zero   RW         1482    .bss.xPendedTicks   tasks.o
    0x200042bc        -       0x00000014   Zero   RW         1477    .bss.xPendingReadyList  tasks.o
    0x200042d0        -       0x00000004   Zero   RW         1474    .bss.xSchedulerRunning  tasks.o
    0x200042d4        -       0x00000008   Zero   RW         1626    .bss.xStart         heap_4.o
    0x200042dc        -       0x00000014   Zero   RW         1476    .bss.xSuspendedTaskList  tasks.o
    0x200042f0        -       0x00000014   Zero   RW         1471    .bss.xTasksWaitingTermination  tasks.o
    0x20004304        -       0x00000004   Zero   RW         1480    .bss.xTickCount     tasks.o
    0x20004308        -       0x00000004   Zero   RW         1481    .bss.xYieldPending  tasks.o
    0x2000430c   0x08004d48   0x00000004   PAD
    0x20004310        -       0x00000800   Zero   RW            2    HEAP                startup_stm32f405xx.o
    0x20004b10        -       0x00000400   Zero   RW            1    STACK               startup_stm32f405xx.o


    Execution Region RW_IRAM2 (Exec base: 0x2001c000, Load base: 0x08004d48, Size: 0x00000000, Max: 0x00004000, ABSOLUTE)

    **** No section assigned to this execution region ****


==============================================================================

Image component sizes


      Code (inc. data)   RO Data    RW Data    ZI Data      Debug   Object Name

       182          0          0          0          0       1373   beep.o
       314          0          0          0         40       6308   can.o
       210          0          0          2         74       3850   can_irqhandler.o
       120          0          0          0          0      23095   cmsis_os.o
        70          0          0          0          0       3228   dma.o
       102          0          0          0          6       1473   exti_irqhandler.o
       804         16        208          0        616       5927   freertos.o
       192          0          0          0          5       2070   fsm.o
       172          0          0          0          0       3922   gpio.o
       662          0          0          0      15389       4953   heap_4.o
        74          0          0          0          0       1044   led.o
       150          0          0          0          0       2199   list.o
       338          0          0          0          0       6658   main.o
       802         16          0          4          5       3952   port.o
        64         26        392          0       3072        824   startup_stm32f405xx.o
       132          0          0          5          4       7212   stm32f4xx_hal.o
      1666          6          0          0          0      13486   stm32f4xx_hal_can.o
       150          0          0          0          0      10761   stm32f4xx_hal_cortex.o
      1034          4          8          0          0       9648   stm32f4xx_hal_dma.o
       462          0          0          0          0       5147   stm32f4xx_hal_gpio.o
        70          0          0          0          0       3289   stm32f4xx_hal_msp.o
      1434          0          0          0          0       7325   stm32f4xx_hal_rcc.o
      2232          4          0          0          0      55115   stm32f4xx_hal_tim.o
       188          0          0          0          0      21462   stm32f4xx_hal_tim_ex.o
       174          0          0          0         72       7165   stm32f4xx_hal_timebase_tim.o
      2194          0          0          0          0      26097   stm32f4xx_hal_uart.o
       136          0          0          0          0       3131   stm32f4xx_it.o
        18          0         24          4          0       2546   system_stm32f4xx.o
      2014          8          0          0        300      26606   tasks.o
       558          0          0          0        144       8520   tim.o
       190          0          0          0        100       3958   uart_irqhandler.o
       348          0          0          0        264       6876   usart.o
       136         12          0          8          8       1712   vofa.o

    ----------------------------------------------------------------------
     17580        104        664         24      20120     290932   Object Totals
         0          0         32          0          0          0   (incl. Generated)
       188         12          0          1         21          0   (incl. Padding)

    ----------------------------------------------------------------------

      Code (inc. data)   RO Data    RW Data    ZI Data      Debug   Library Member Name

         8          0          0          0          0         68   __main.o
         0          0          0          0          0          0   __rtentry.o
        12          0          0          0          0          0   __rtentry2.o
         6          0          0          0          0          0   __rtentry4.o
        52          8          0          0          0          0   __scatter.o
        26          0          0          0          0          0   __scatter_copy.o
        28          0          0          0          0          0   __scatter_zi.o
        22          0          0          0          0        100   _rserrno.o
        18          0          0          0          0         80   exit.o
         6          0          0          0          0        152   heapauxi.o
         0          0          0          0          0          0   indicate_semi.o
         2          0          0          0          0          0   libinit.o
         6          0          0          0          0          0   libinit2.o
         2          0          0          0          0          0   libshutdown.o
         2          0          0          0          0          0   libshutdown2.o
         8          4          0          0         96         68   libspace.o
       240          0          0          0          0        100   lludivv7m.o
         8          4          0          0          0         68   rt_errno_addr_intlibspace.o
        78          0          0          0          0         80   rt_memclr_w.o
         2          0          0          0          0          0   rtexit.o
        10          0          0          0          0          0   rtexit2.o
        12          4          0          0          0         68   sys_exit.o
        74          0          0          0          0         80   sys_stackheap_outer.o
         2          0          0          0          0         68   use_no_semi.o
        26          0          0          0          0        116   fpinit.o
         0          0          0          0          0          0   usenofp.o
        38          0          0          0          0        116   fpclassifyf.o
        38         12          0          0          0        348   funder.o
       340         24         32          0          0        160   rredf.o
       400         56          0          0          0        212   sinf.o

    ----------------------------------------------------------------------
      1480        112         32          0         96       1884   Library Totals
        14          0          0          0          0          0   (incl. Padding)

    ----------------------------------------------------------------------

      Code (inc. data)   RO Data    RW Data    ZI Data      Debug   Library Name

       624         20          0          0         96        932   c_w.l
        26          0          0          0          0        116   fz_wm.l
       816         92         32          0          0        836   m_wm.l

    ----------------------------------------------------------------------
      1480        112         32          0         96       1884   Library Totals

    ----------------------------------------------------------------------

==============================================================================


      Code (inc. data)   RO Data    RW Data    ZI Data      Debug   

     19060        216        696         24      20216     291332   Grand Totals
     19060        216        696         24      20216     291332   ELF Image Totals
     19060        216        696         24          0          0   ROM Totals

==============================================================================

    Total RO  Size (Code + RO Data)                19756 (  19.29kB)
    Total RW  Size (RW Data + ZI Data)             20240 (  19.77kB)
    Total ROM Size (Code + RO Data + RW Data)      19780 (  19.32kB)

==============================================================================

