<html>
<body>
<pre>
<h1>µVision Build Log</h1>
<h2>Tool Versions:</h2>
IDE-Version: ¦ÌVision V5.37.0.0
Copyright (C) 2022 ARM Ltd and ARM Germany GmbH. All rights reserved.
License Information: Y Y, YY, LIC=LSNXV-PQWWQ-IIL5V-PZJK5-M63JV-T0Q17
 
Tool Versions:
Toolchain:       MDK-ARM Plus  Version: 5.37.0.0
Toolchain Path:  D:\keil\ARM\ARMCLANG\Bin
C Compiler:      ArmClang.exe V6.18
Assembler:       Armasm.exe V6.18
Linker/Locator:  ArmLink.exe V6.18
Library Manager: ArmAr.exe V6.18
Hex Converter:   FromElf.exe V6.18
CPU DLL:         SARMCM3.DLL V5.37.0.0
Dialog DLL:      DCM.DLL V1.17.5.0
Target DLL:      STLink\ST-LINKIII-KEIL_SWO.dll V3.0.9.0
Dialog DLL:      TCM.DLL V1.56.1.0
 
<h2>Project:</h2>
D:\STM32\f4\final_task\MDK-ARM\f4_show.uvprojx
Project File Date:  08/14/2026

<h2>Output:</h2>
*** Using Compiler 'V6.18', folder: 'D:\keil\ARM\ARMCLANG\Bin'
Rebuild target 'f4_show'
compiling stm32f4xx_hal_dma_ex.c...
compiling stm32f4xx_it.c...
compiling gpio.c...
compiling stm32f4xx_hal_can.c...
compiling usart.c...
compiling stm32f4xx_hal_msp.c...
compiling dma.c...
compiling stm32f4xx_hal_flash_ex.c...
compiling freertos.c...
compiling stm32f4xx_hal_gpio.c...
compiling stm32f4xx_hal_rcc_ex.c...
assembling startup_stm32f405xx.s...
compiling can.c...
compiling stm32f4xx_hal_flash_ramfunc.c...
compiling stm32f4xx_hal_pwr.c...
compiling stm32f4xx_hal_cortex.c...
compiling stm32f4xx_hal_pwr_ex.c...
compiling Beep.c...
compiling stm32f4xx_hal_timebase_tim.c...
compiling system_stm32f4xx.c...
compiling vofa.c...
compiling tim.c...
compiling stm32f4xx_hal.c...
../Core/Src/main.c(116): warning: implicit declaration of function 'FSM_SetMode' is invalid in C99 [-Wimplicit-function-declaration]
  FSM_SetMode(MODE_OFF);
  ^
../Core/Src/main.c(135): warning: implicit declaration of function 'FSM_Process' is invalid in C99 [-Wimplicit-function-declaration]
    FSM_Process();
    ^
2 warnings generated.
compiling main.c...
compiling Led.c...
compiling EXTI_IRQHandler.c...
compiling stm32f4xx_hal_rcc.c...
compiling fsm.c...
compiling stm32f4xx_hal_exti.c...
compiling stm32f4xx_hal_flash.c...
compiling stm32f4xx_hal_dma.c...
compiling TIM_IRQHandler.c...
compiling stm32f4xx_hal_tim_ex.c...
compiling croutine.c...
compiling CAN_IRQHandler.c...
compiling UART_IRQHandler.c...
compiling event_groups.c...
compiling stm32f4xx_hal_uart.c...
compiling list.c...
compiling timers.c...
compiling port.c...
compiling heap_4.c...
compiling stream_buffer.c...
compiling queue.c...
compiling cmsis_os.c...
compiling stm32f4xx_hal_tim.c...
compiling tasks.c...
linking...
Program Size: Code=19364 RO-data=696 RW-data=28 ZI-data=20220  
FromELF: creating hex file...
"f4_show\f4_show.axf" - 0 Error(s), 2 Warning(s).

<h2>Software Packages used:</h2>

Package Vendor: ARM
                http://www.keil.com/pack/ARM.CMSIS.5.9.0.pack
                ARM.CMSIS.5.9.0
                CMSIS (Common Microcontroller Software Interface Standard)
   * Component: CORE Version: 5.6.0

Package Vendor: Keil
                https://www.keil.com/pack/Keil.STM32F4xx_DFP.3.1.1.pack
                Keil.STM32F4xx_DFP.3.1.1
                STMicroelectronics STM32F4 Series Device Support

<h2>Collection of Component include folders:</h2>
  ./RTE/_f4_show
  D:/keil/ARM/CMSIS/5.9.0/CMSIS/Core/Include

<h2>Collection of Component Files used:</h2>

   * Component: ARM::CMSIS:CORE:5.6.0
      Include file:  CMSIS/Core/Include/tz_context.h
Build Time Elapsed:  00:00:05
</pre>
</body>
</html>
